Archive member included to satisfy reference by file (symbol)

e:/program files (x86)/atollic/truestudio for stm32 9.0.1/armtools/bin/../lib/gcc/arm-atollic-eabi/6.3.1/../../../../arm-atollic-eabi/lib/armv7-m\libc_nano.a(lib_a-init.o)
                              startup\startup_stm32l152xe.o (__libc_init_array)
e:/program files (x86)/atollic/truestudio for stm32 9.0.1/armtools/bin/../lib/gcc/arm-atollic-eabi/6.3.1/../../../../arm-atollic-eabi/lib/armv7-m\libc_nano.a(lib_a-nano-vfprintf_float.o)
                              (_printf_float)
e:/program files (x86)/atollic/truestudio for stm32 9.0.1/armtools/bin/../lib/gcc/arm-atollic-eabi/6.3.1/../../../../arm-atollic-eabi/lib/armv7-m\libc_nano.a(lib_a-nano-vfprintf_i.o)
                              e:/program files (x86)/atollic/truestudio for stm32 9.0.1/armtools/bin/../lib/gcc/arm-atollic-eabi/6.3.1/../../../../arm-atollic-eabi/lib/armv7-m\libc_nano.a(lib_a-nano-vfprintf_float.o) (_printf_common)
e:/program files (x86)/atollic/truestudio for stm32 9.0.1/armtools/bin/../lib/gcc/arm-atollic-eabi/6.3.1/../../../../arm-atollic-eabi/lib/armv7-m\libc_nano.a(lib_a-sprintf.o)
                              Src\stm32l1xx_it.o (sprintf)
e:/program files (x86)/atollic/truestudio for stm32 9.0.1/armtools/bin/../lib/gcc/arm-atollic-eabi/6.3.1/../../../../arm-atollic-eabi/lib/armv7-m\libc_nano.a(lib_a-strlen.o)
                              Src\stm32l1xx_it.o (strlen)
e:/program files (x86)/atollic/truestudio for stm32 9.0.1/armtools/bin/../lib/gcc/arm-atollic-eabi/6.3.1/../../../../arm-atollic-eabi/lib/armv7-m\libc_nano.a(lib_a-dtoa.o)
                              e:/program files (x86)/atollic/truestudio for stm32 9.0.1/armtools/bin/../lib/gcc/arm-atollic-eabi/6.3.1/../../../../arm-atollic-eabi/lib/armv7-m\libc_nano.a(lib_a-nano-vfprintf_float.o) (_dtoa_r)
e:/program files (x86)/atollic/truestudio for stm32 9.0.1/armtools/bin/../lib/gcc/arm-atollic-eabi/6.3.1/../../../../arm-atollic-eabi/lib/armv7-m\libc_nano.a(lib_a-impure.o)
                              e:/program files (x86)/atollic/truestudio for stm32 9.0.1/armtools/bin/../lib/gcc/arm-atollic-eabi/6.3.1/../../../../arm-atollic-eabi/lib/armv7-m\libc_nano.a(lib_a-sprintf.o) (_impure_ptr)
e:/program files (x86)/atollic/truestudio for stm32 9.0.1/armtools/bin/../lib/gcc/arm-atollic-eabi/6.3.1/../../../../arm-atollic-eabi/lib/armv7-m\libc_nano.a(lib_a-localeconv.o)
                              e:/program files (x86)/atollic/truestudio for stm32 9.0.1/armtools/bin/../lib/gcc/arm-atollic-eabi/6.3.1/../../../../arm-atollic-eabi/lib/armv7-m\libc_nano.a(lib_a-nano-vfprintf_float.o) (_localeconv_r)
e:/program files (x86)/atollic/truestudio for stm32 9.0.1/armtools/bin/../lib/gcc/arm-atollic-eabi/6.3.1/../../../../arm-atollic-eabi/lib/armv7-m\libc_nano.a(lib_a-malloc.o)
                              e:/program files (x86)/atollic/truestudio for stm32 9.0.1/armtools/bin/../lib/gcc/arm-atollic-eabi/6.3.1/../../../../arm-atollic-eabi/lib/armv7-m\libc_nano.a(lib_a-dtoa.o) (malloc)
e:/program files (x86)/atollic/truestudio for stm32 9.0.1/armtools/bin/../lib/gcc/arm-atollic-eabi/6.3.1/../../../../arm-atollic-eabi/lib/armv7-m\libc_nano.a(lib_a-memchr-stub.o)
                              e:/program files (x86)/atollic/truestudio for stm32 9.0.1/armtools/bin/../lib/gcc/arm-atollic-eabi/6.3.1/../../../../arm-atollic-eabi/lib/armv7-m\libc_nano.a(lib_a-nano-vfprintf_i.o) (memchr)
e:/program files (x86)/atollic/truestudio for stm32 9.0.1/armtools/bin/../lib/gcc/arm-atollic-eabi/6.3.1/../../../../arm-atollic-eabi/lib/armv7-m\libc_nano.a(lib_a-memcpy-stub.o)
                              e:/program files (x86)/atollic/truestudio for stm32 9.0.1/armtools/bin/../lib/gcc/arm-atollic-eabi/6.3.1/../../../../arm-atollic-eabi/lib/armv7-m\libc_nano.a(lib_a-dtoa.o) (memcpy)
e:/program files (x86)/atollic/truestudio for stm32 9.0.1/armtools/bin/../lib/gcc/arm-atollic-eabi/6.3.1/../../../../arm-atollic-eabi/lib/armv7-m\libc_nano.a(lib_a-mprec.o)
                              e:/program files (x86)/atollic/truestudio for stm32 9.0.1/armtools/bin/../lib/gcc/arm-atollic-eabi/6.3.1/../../../../arm-atollic-eabi/lib/armv7-m\libc_nano.a(lib_a-dtoa.o) (_Balloc)
e:/program files (x86)/atollic/truestudio for stm32 9.0.1/armtools/bin/../lib/gcc/arm-atollic-eabi/6.3.1/../../../../arm-atollic-eabi/lib/armv7-m\libc_nano.a(lib_a-nano-callocr.o)
                              e:/program files (x86)/atollic/truestudio for stm32 9.0.1/armtools/bin/../lib/gcc/arm-atollic-eabi/6.3.1/../../../../arm-atollic-eabi/lib/armv7-m\libc_nano.a(lib_a-mprec.o) (_calloc_r)
e:/program files (x86)/atollic/truestudio for stm32 9.0.1/armtools/bin/../lib/gcc/arm-atollic-eabi/6.3.1/../../../../arm-atollic-eabi/lib/armv7-m\libc_nano.a(lib_a-nano-freer.o)
                              e:/program files (x86)/atollic/truestudio for stm32 9.0.1/armtools/bin/../lib/gcc/arm-atollic-eabi/6.3.1/../../../../arm-atollic-eabi/lib/armv7-m\libc_nano.a(lib_a-malloc.o) (_free_r)
[...]
Memory Configuration

Name             Origin             Length             Attributes
RAM              0x20000000         0x00014000         xrw
FLASH            0x08000000         0x00080000         xr
*default*        0x00000000         0xffffffff

Linker script and memory map

LOAD e:/program files (x86)/atollic/truestudio for stm32 9.0.1/armtools/bin/../lib/gcc/arm-atollic-eabi/6.3.1/armv7-m/crti.o
LOAD e:/program files (x86)/atollic/truestudio for stm32 9.0.1/armtools/bin/../lib/gcc/arm-atollic-eabi/6.3.1/armv7-m/crtbegin.o
LOAD Drivers\STM32L1xx_HAL_Driver\Src\stm32l1xx_hal.o
LOAD Drivers\STM32L1xx_HAL_Driver\Src\stm32l1xx_hal_cortex.o
LOAD Drivers\STM32L1xx_HAL_Driver\Src\stm32l1xx_hal_dma.o
LOAD Drivers\STM32L1xx_HAL_Driver\Src\stm32l1xx_hal_flash.o
LOAD Drivers\STM32L1xx_HAL_Driver\Src\stm32l1xx_hal_flash_ex.o
LOAD Drivers\STM32L1xx_HAL_Driver\Src\stm32l1xx_hal_flash_ramfunc.o
LOAD Drivers\STM32L1xx_HAL_Driver\Src\stm32l1xx_hal_gpio.o
LOAD Drivers\STM32L1xx_HAL_Driver\Src\stm32l1xx_hal_pwr.o
LOAD Drivers\STM32L1xx_HAL_Driver\Src\stm32l1xx_hal_pwr_ex.o
LOAD Drivers\STM32L1xx_HAL_Driver\Src\stm32l1xx_hal_rcc.o
LOAD Drivers\STM32L1xx_HAL_Driver\Src\stm32l1xx_hal_rcc_ex.o
LOAD Drivers\STM32L1xx_HAL_Driver\Src\stm32l1xx_hal_tim.o
LOAD Drivers\STM32L1xx_HAL_Driver\Src\stm32l1xx_hal_tim_ex.o
LOAD Drivers\STM32L1xx_HAL_Driver\Src\stm32l1xx_hal_uart.o
LOAD Src\main.o
LOAD Src\stm32l1xx_hal_msp.o
LOAD Src\stm32l1xx_it.o
LOAD Src\system_stm32l1xx.o
LOAD startup\startup_stm32l152xe.o
                0x00000080                malloc_getpagesize_P = 0x80
START GROUP
LOAD e:/program files (x86)/atollic/truestudio for stm32 9.0.1/armtools/bin/../lib/gcc/arm-atollic-eabi/6.3.1/../../../../arm-atollic-eabi/lib/armv7-m\libc_nano.a
LOAD e:/program files (x86)/atollic/truestudio for stm32 9.0.1/armtools/bin/../lib/gcc/arm-atollic-eabi/6.3.1/../../../../arm-atollic-eabi/lib/armv7-m\libm.a
END GROUP
START GROUP
LOAD e:/program files (x86)/atollic/truestudio for stm32 9.0.1/armtools/bin/../lib/gcc/arm-atollic-eabi/6.3.1/armv7-m\libgcc.a
LOAD e:/program files (x86)/atollic/truestudio for stm32 9.0.1/armtools/bin/../lib/gcc/arm-atollic-eabi/6.3.1/../../../../arm-atollic-eabi/lib/armv7-m\libc_nano.a
END GROUP
START GROUP
LOAD e:/program files (x86)/atollic/truestudio for stm32 9.0.1/armtools/bin/../lib/gcc/arm-atollic-eabi/6.3.1/armv7-m\libgcc.a
LOAD e:/program files (x86)/atollic/truestudio for stm32 9.0.1/armtools/bin/../lib/gcc/arm-atollic-eabi/6.3.1/../../../../arm-atollic-eabi/lib/armv7-m\libc_nano.a
LOAD e:/program files (x86)/atollic/truestudio for stm32 9.0.1/armtools/bin/../lib/gcc/arm-atollic-eabi/6.3.1/../../../../arm-atollic-eabi/lib/armv7-m\libnosys.a
END GROUP
START GROUP
LOAD e:/program files (x86)/atollic/truestudio for stm32 9.0.1/armtools/bin/../lib/gcc/arm-atollic-eabi/6.3.1/armv7-m\libgcc.a
LOAD e:/program files (x86)/atollic/truestudio for stm32 9.0.1/armtools/bin/../lib/gcc/arm-atollic-eabi/6.3.1/../../../../arm-atollic-eabi/lib/armv7-m\libc_nano.a
LOAD e:/program files (x86)/atollic/truestudio for stm32 9.0.1/armtools/bin/../lib/gcc/arm-atollic-eabi/6.3.1/../../../../arm-atollic-eabi/lib/armv7-m\libnosys.a
END GROUP
LOAD e:/program files (x86)/atollic/truestudio for stm32 9.0.1/armtools/bin/../lib/gcc/arm-atollic-eabi/6.3.1/armv7-m/crtend.o
LOAD e:/program files (x86)/atollic/truestudio for stm32 9.0.1/armtools/bin/../lib/gcc/arm-atollic-eabi/6.3.1/armv7-m/crtn.o
                0x20014000                _estack = 0x20014000
                0x00000200                _Min_Heap_Size = 0x200
                0x00000400                _Min_Stack_Size = 0x400

.isr_vector     0x08000000      0x13c
                0x08000000                . = ALIGN (0x4)
 *(.isr_vector)
 .isr_vector    0x08000000      0x13c startup\startup_stm32l152xe.o
                0x08000000                g_pfnVectors
                0x0800013c                . = ALIGN (0x4)

.text           0x08000140     0x4370
                0x08000140                . = ALIGN (0x4)
 *(.text)
 .text          0x08000140       0x40 e:/program files (x86)/atollic/truestudio for stm32 9.0.1/armtools/bin/../lib/gcc/arm-atollic-eabi/6.3.1/armv7-m/crtbegin.o
 .text          0x08000180       0x10 e:/program files (x86)/atollic/truestudio for stm32 9.0.1/armtools/bin/../lib/gcc/arm-atollic-eabi/6.3.1/../../../../arm-atollic-eabi/lib/armv7-m\libc_nano.a(lib_a-strlen.o)
                0x08000180                strlen
 .text          0x08000190      0x370 e:/program files (x86)/atollic/truestudio for stm32 9.0.1/armtools/bin/../lib/gcc/arm-atollic-eabi/6.3.1/armv7-m\libgcc.a(_arm_addsubdf3.o)
                0x08000190                __aeabi_drsub
                0x08000198                __aeabi_dsub
                0x08000198                __subdf3
                0x0800019c                __aeabi_dadd
                0x0800019c                __adddf3
                0x08000414                __floatunsidf
                0x08000414                __aeabi_ui2d
                0x08000434                __floatsidf
                0x08000434                __aeabi_i2d
                0x08000458                __aeabi_f2d
                0x08000458                __extendsfdf2
                0x08000494                __floatundidf
                0x08000494                __aeabi_ul2d
                0x080004a4                __floatdidf
                0x080004a4                __aeabi_l2d
 .text          0x08000500      0x424 e:/program files (x86)/atollic/truestudio for stm32 9.0.1/armtools/bin/../lib/gcc/arm-atollic-eabi/6.3.1/armv7-m\libgcc.a(_arm_muldivdf3.o)
                0x08000500                __aeabi_dmul
                0x08000500                __muldf3
                0x08000754                __divdf3
                0x08000754                __aeabi_ddiv
 .text          0x08000924      0x110 e:/program files (x86)/atollic/truestudio for stm32 9.0.1/armtools/bin/../lib/gcc/arm-atollic-eabi/6.3.1/armv7-m\libgcc.a(_arm_cmpdf2.o)
                0x08000924                __gtdf2
                0x08000924                __gedf2
                0x0800092c                __ltdf2
                0x0800092c                __ledf2
                0x08000934                __nedf2
                0x08000934                __eqdf2
                0x08000934                __cmpdf2
                0x080009b0                __aeabi_cdrcmple
                0x080009c0                __aeabi_cdcmpeq
                0x080009c0                __aeabi_cdcmple
                0x080009d0                __aeabi_dcmpeq
                0x080009e4                __aeabi_dcmplt
                0x080009f8                __aeabi_dcmple
                0x08000a0c                __aeabi_dcmpge
                0x08000a20                __aeabi_dcmpgt
 .text          0x08000a34       0x2c e:/program files (x86)/atollic/truestudio for stm32 9.0.1/armtools/bin/../lib/gcc/arm-atollic-eabi/6.3.1/armv7-m\libgcc.a(_arm_unorddf2.o)
                0x08000a34                __unorddf2
                0x08000a34                __aeabi_dcmpun
 .text          0x08000a60       0x50 e:/program files (x86)/atollic/truestudio for stm32 9.0.1/armtools/bin/../lib/gcc/arm-atollic-eabi/6.3.1/armv7-m\libgcc.a(_arm_fixdfsi.o)
                0x08000a60                __aeabi_d2iz
                0x08000a60                __fixdfsi
 *(.text*)
 .text.HAL_InitTick
                0x08000ab0       0x28 Drivers\STM32L1xx_HAL_Driver\Src\stm32l1xx_hal.o
                0x08000ab0                HAL_InitTick
 .text.HAL_Init
                0x08000ad8       0x16 Drivers\STM32L1xx_HAL_Driver\Src\stm32l1xx_hal.o
                0x08000ad8                HAL_Init
 *fill*         0x08000aee        0x2 
 .text.HAL_IncTick
                0x08000af0       0x10 Drivers\STM32L1xx_HAL_Driver\Src\stm32l1xx_hal.o
                0x08000af0                HAL_IncTick
 .text.HAL_GetTick
                0x08000b00        0xc Drivers\STM32L1xx_HAL_Driver\Src\stm32l1xx_hal.o
                0x08000b00                HAL_GetTick
 .text.HAL_NVIC_SetPriorityGrouping
                0x08000b0c       0x24 Drivers\STM32L1xx_HAL_Driver\Src\stm32l1xx_hal_cortex.o
                0x08000b0c                HAL_NVIC_SetPriorityGrouping
 .text.HAL_NVIC_SetPriority
                0x08000b30       0x68 Drivers\STM32L1xx_HAL_Driver\Src\stm32l1xx_hal_cortex.o
                0x08000b30                HAL_NVIC_SetPriority
 .text.HAL_NVIC_EnableIRQ
                0x08000b98       0x18 Drivers\STM32L1xx_HAL_Driver\Src\stm32l1xx_hal_cortex.o
                0x08000b98                HAL_NVIC_EnableIRQ
 .text.HAL_SYSTICK_Config
                0x08000bb0       0x2c Drivers\STM32L1xx_HAL_Driver\Src\stm32l1xx_hal_cortex.o
                0x08000bb0                HAL_SYSTICK_Config
 .text.HAL_SYSTICK_CLKSourceConfig
                0x08000bdc       0x18 Drivers\STM32L1xx_HAL_Driver\Src\stm32l1xx_hal_cortex.o
                0x08000bdc                HAL_SYSTICK_CLKSourceConfig
 .text.HAL_SYSTICK_Callback
                0x08000bf4        0x2 Drivers\STM32L1xx_HAL_Driver\Src\stm32l1xx_hal_cortex.o
                0x08000bf4                HAL_SYSTICK_Callback
 .text.HAL_SYSTICK_IRQHandler
                0x08000bf6        0x8 Drivers\STM32L1xx_HAL_Driver\Src\stm32l1xx_hal_cortex.o
                0x08000bf6                HAL_SYSTICK_IRQHandler
 *fill*         0x08000bfe        0x2 
 .text.HAL_GPIO_Init
                0x08000c00      0x1a4 Drivers\STM32L1xx_HAL_Driver\Src\stm32l1xx_hal_gpio.o
                0x08000c00                HAL_GPIO_Init
 .text.HAL_GPIO_WritePin
                0x08000da4        0xa Drivers\STM32L1xx_HAL_Driver\Src\stm32l1xx_hal_gpio.o
                0x08000da4                HAL_GPIO_WritePin
 .text.HAL_GPIO_TogglePin
                0x08000dae        0x8 Drivers\STM32L1xx_HAL_Driver\Src\stm32l1xx_hal_gpio.o
                0x08000dae                HAL_GPIO_TogglePin
 .text.HAL_GPIO_EXTI_Callback
                0x08000db6        0x2 Drivers\STM32L1xx_HAL_Driver\Src\stm32l1xx_hal_gpio.o
                0x08000db6                HAL_GPIO_EXTI_Callback
 .text.HAL_GPIO_EXTI_IRQHandler
                0x08000db8       0x18 Drivers\STM32L1xx_HAL_Driver\Src\stm32l1xx_hal_gpio.o
                0x08000db8                HAL_GPIO_EXTI_IRQHandler
 .text.RCC_SetFlashLatencyFromMSIRange
                0x08000dd0       0x80 Drivers\STM32L1xx_HAL_Driver\Src\stm32l1xx_hal_rcc.o
 .text.HAL_RCC_OscConfig
                0x08000e50      0x6a8 Drivers\STM32L1xx_HAL_Driver\Src\stm32l1xx_hal_rcc.o
                0x08000e50                HAL_RCC_OscConfig
 .text.HAL_RCC_GetSysClockFreq
                0x080014f8       0x8c Drivers\STM32L1xx_HAL_Driver\Src\stm32l1xx_hal_rcc.o
                0x080014f8                HAL_RCC_GetSysClockFreq
 .text.HAL_RCC_ClockConfig
                0x08001584      0x1bc Drivers\STM32L1xx_HAL_Driver\Src\stm32l1xx_hal_rcc.o
                0x08001584                HAL_RCC_ClockConfig
 .text.HAL_RCC_GetHCLKFreq
                0x08001740        0xc Drivers\STM32L1xx_HAL_Driver\Src\stm32l1xx_hal_rcc.o
                0x08001740                HAL_RCC_GetHCLKFreq
 .text.HAL_RCC_GetPCLK1Freq
                0x0800174c       0x30 Drivers\STM32L1xx_HAL_Driver\Src\stm32l1xx_hal_rcc.o
                0x0800174c                HAL_RCC_GetPCLK1Freq
 .text.HAL_RCC_GetPCLK2Freq
                0x0800177c       0x30 Drivers\STM32L1xx_HAL_Driver\Src\stm32l1xx_hal_rcc.o
                0x0800177c                HAL_RCC_GetPCLK2Freq
 .text.TIM_Base_SetConfig
                0x080017ac       0x84 Drivers\STM32L1xx_HAL_Driver\Src\stm32l1xx_hal_tim.o
 .text.HAL_TIM_Base_Init
                0x08001830       0x34 Drivers\STM32L1xx_HAL_Driver\Src\stm32l1xx_hal_tim.o
                0x08001830                HAL_TIM_Base_Init
 .text.HAL_TIM_Base_Start
                0x08001864       0x1a Drivers\STM32L1xx_HAL_Driver\Src\stm32l1xx_hal_tim.o
                0x08001864                HAL_TIM_Base_Start
 .text.HAL_TIM_ConfigClockSource
                0x0800187e      0x172 Drivers\STM32L1xx_HAL_Driver\Src\stm32l1xx_hal_tim.o
                0x0800187e                HAL_TIM_ConfigClockSource
 .text.HAL_TIMEx_MasterConfigSynchronization
                0x080019f0       0x44 Drivers\STM32L1xx_HAL_Driver\Src\stm32l1xx_hal_tim_ex.o
                0x080019f0                HAL_TIMEx_MasterConfigSynchronization
 .text.UART_SetConfig
                0x08001a34      0x244 Drivers\STM32L1xx_HAL_Driver\Src\stm32l1xx_hal_uart.o
 .text.UART_WaitOnFlagUntilTimeout.constprop.1
                0x08001c78       0x60 Drivers\STM32L1xx_HAL_Driver\Src\stm32l1xx_hal_uart.o
 .text.HAL_UART_Init
                0x08001cd8       0x58 Drivers\STM32L1xx_HAL_Driver\Src\stm32l1xx_hal_uart.o
                0x08001cd8                HAL_UART_Init
 .text.HAL_UART_Transmit
                0x08001d30       0xb6 Drivers\STM32L1xx_HAL_Driver\Src\stm32l1xx_hal_uart.o
                0x08001d30                HAL_UART_Transmit
 *fill*         0x08001de6        0x2 
 .text.SystemClock_Config
                0x08001de8       0x80 Src\main.o
                0x08001de8                SystemClock_Config
 .text.delay_us
                0x08001e68       0x14 Src\main.o
                0x08001e68                delay_us
 .text.delay_ms
                0x08001e7c       0x18 Src\main.o
                0x08001e7c                delay_ms
 .text.startup.main
                0x08001e94      0x1cc Src\main.o
                0x08001e94                main
 .text.HAL_MspInit
                0x08002060       0xa0 Src\stm32l1xx_hal_msp.o
                0x08002060                HAL_MspInit
 .text.HAL_TIM_Base_MspInit
                0x08002100       0x48 Src\stm32l1xx_hal_msp.o
                0x08002100                HAL_TIM_Base_MspInit
 .text.HAL_UART_MspInit
                0x08002148       0x4c Src\stm32l1xx_hal_msp.o
                0x08002148                HAL_UART_MspInit
 .text.send_message
                0x08002194       0x50 Src\stm32l1xx_it.o
                0x08002194                send_message
 .text.SysTick_Handler
                0x080021e4        0xe Src\stm32l1xx_it.o
                0x080021e4                SysTick_Handler
 *fill*         0x080021f2        0x2 
 .text.EXTI9_5_IRQHandler
                0x080021f4       0xb0 Src\stm32l1xx_it.o
                0x080021f4                EXTI9_5_IRQHandler
 .text.EXTI15_10_IRQHandler
                0x080022a4       0x1c Src\stm32l1xx_it.o
                0x080022a4                EXTI15_10_IRQHandler
 .text.SystemInit
                0x080022c0       0x48 Src\system_stm32l1xx.o
                0x080022c0                SystemInit
 .text.Reset_Handler
                0x08002308       0x48 startup\startup_stm32l152xe.o
                0x08002308                Reset_Handler
 .text.Default_Handler
                0x08002350        0x2 startup\startup_stm32l152xe.o
                0x08002350                RTC_Alarm_IRQHandler
                0x08002350                EXTI2_IRQHandler
                0x08002350                COMP_ACQ_IRQHandler
                0x08002350                DebugMon_Handler
                0x08002350                HardFault_Handler
                0x08002350                TIM10_IRQHandler
                0x08002350                USB_HP_IRQHandler
                0x08002350                TIM6_IRQHandler
                0x08002350                PVD_IRQHandler
                0x08002350                PendSV_Handler
                0x08002350                NMI_Handler
                0x08002350                EXTI3_IRQHandler
                0x08002350                EXTI0_IRQHandler
                0x08002350                I2C2_EV_IRQHandler
                0x08002350                UsageFault_Handler
                0x08002350                SPI1_IRQHandler
                0x08002350                USB_FS_WKUP_IRQHandler
                0x08002350                DMA2_Channel2_IRQHandler
                0x08002350                DMA1_Channel4_IRQHandler
                0x08002350                ADC1_IRQHandler
                0x08002350                USART3_IRQHandler
                0x08002350                DMA1_Channel7_IRQHandler
                0x08002350                LCD_IRQHandler
                0x08002350                UART5_IRQHandler
                0x08002350                TIM4_IRQHandler
                0x08002350                DMA2_Channel1_IRQHandler
                0x08002350                I2C1_EV_IRQHandler
                0x08002350                DMA1_Channel6_IRQHandler
                0x08002350                UART4_IRQHandler
                0x08002350                DMA2_Channel4_IRQHandler
                0x08002350                TIM3_IRQHandler
                0x08002350                RCC_IRQHandler
                0x08002350                DMA1_Channel1_IRQHandler
                0x08002350                Default_Handler
                0x08002350                TIM7_IRQHandler
                0x08002350                TIM5_IRQHandler
                0x08002350                TIM9_IRQHandler
                0x08002350                TAMPER_STAMP_IRQHandler
                0x08002350                RTC_WKUP_IRQHandler
                0x08002350                SPI2_IRQHandler
                0x08002350                MemManage_Handler
                0x08002350                SVC_Handler
                0x08002350                DMA2_Channel5_IRQHandler
                0x08002350                DMA1_Channel5_IRQHandler
                0x08002350                USB_LP_IRQHandler
                0x08002350                EXTI4_IRQHandler
                0x08002350                DMA1_Channel3_IRQHandler
                0x08002350                COMP_IRQHandler
                0x08002350                WWDG_IRQHandler
                0x08002350                TIM2_IRQHandler
                0x08002350                DAC_IRQHandler
                0x08002350                EXTI1_IRQHandler
                0x08002350                TIM11_IRQHandler
                0x08002350                USART2_IRQHandler
                0x08002350                I2C2_ER_IRQHandler
                0x08002350                DMA1_Channel2_IRQHandler
                0x08002350                FLASH_IRQHandler
                0x08002350                BusFault_Handler
                0x08002350                USART1_IRQHandler
                0x08002350                SPI3_IRQHandler
                0x08002350                I2C1_ER_IRQHandler
                0x08002350                DMA2_Channel3_IRQHandler
 *fill*         0x08002352        0x2 
 .text.__libc_init_array
                0x08002354       0x48 e:/program files (x86)/atollic/truestudio for stm32 9.0.1/armtools/bin/../lib/gcc/arm-atollic-eabi/6.3.1/../../../../arm-atollic-eabi/lib/armv7-m\libc_nano.a(lib_a-init.o)
                0x08002354                __libc_init_array
 .text.__cvt    0x0800239c       0xb8 e:/program files (x86)/atollic/truestudio for stm32 9.0.1/armtools/bin/../lib/gcc/arm-atollic-eabi/6.3.1/../../../../arm-atollic-eabi/lib/armv7-m\libc_nano.a(lib_a-nano-vfprintf_float.o)
                0x0800239c                __cvt
 .text.__exponent
                0x08002454       0x6a e:/program files (x86)/atollic/truestudio for stm32 9.0.1/armtools/bin/../lib/gcc/arm-atollic-eabi/6.3.1/../../../../arm-atollic-eabi/lib/armv7-m\libc_nano.a(lib_a-nano-vfprintf_float.o)
                0x08002454                __exponent
 *fill*         0x080024be        0x2 
 .text._printf_float
                0x080024c0      0x470 e:/program files (x86)/atollic/truestudio for stm32 9.0.1/armtools/bin/../lib/gcc/arm-atollic-eabi/6.3.1/../../../../arm-atollic-eabi/lib/armv7-m\libc_nano.a(lib_a-nano-vfprintf_float.o)
                0x080024c0                _printf_float
 .text._printf_common
                0x08002930       0xee e:/program files (x86)/atollic/truestudio for stm32 9.0.1/armtools/bin/../lib/gcc/arm-atollic-eabi/6.3.1/../../../../arm-atollic-eabi/lib/armv7-m\libc_nano.a(lib_a-nano-vfprintf_i.o)
                0x08002930                _printf_common
 *fill*         0x08002a1e        0x2 
 .text._printf_i
                0x08002a20      0x240 e:/program files (x86)/atollic/truestudio for stm32 9.0.1/armtools/bin/../lib/gcc/arm-atollic-eabi/6.3.1/../../../../arm-atollic-eabi/lib/armv7-m\libc_nano.a(lib_a-nano-vfprintf_i.o)
                0x08002a20                _printf_i
 .text.sprintf  0x08002c60       0x48 e:/program files (x86)/atollic/truestudio for stm32 9.0.1/armtools/bin/../lib/gcc/arm-atollic-eabi/6.3.1/../../../../arm-atollic-eabi/lib/armv7-m\libc_nano.a(lib_a-sprintf.o)
                0x08002c60                siprintf
                0x08002c60                sprintf
 .text.quorem   0x08002ca8      0x118 e:/program files (x86)/atollic/truestudio for stm32 9.0.1/armtools/bin/../lib/gcc/arm-atollic-eabi/6.3.1/../../../../arm-atollic-eabi/lib/armv7-m\libc_nano.a(lib_a-dtoa.o)
 .text._dtoa_r  0x08002dc0      0xba8 e:/program files (x86)/atollic/truestudio for stm32 9.0.1/armtools/bin/../lib/gcc/arm-atollic-eabi/6.3.1/../../../../arm-atollic-eabi/lib/armv7-m\libc_nano.a(lib_a-dtoa.o)
                0x08002dc0                _dtoa_r
 .text._localeconv_r
                0x08003968       0x1c e:/program files (x86)/atollic/truestudio for stm32 9.0.1/armtools/bin/../lib/gcc/arm-atollic-eabi/6.3.1/../../../../arm-atollic-eabi/lib/armv7-m\libc_nano.a(lib_a-localeconv.o)
                0x08003968                _localeconv_r
 .text.malloc   0x08003984       0x10 e:/program files (x86)/atollic/truestudio for stm32 9.0.1/armtools/bin/../lib/gcc/arm-atollic-eabi/6.3.1/../../../../arm-atollic-eabi/lib/armv7-m\libc_nano.a(lib_a-malloc.o)
                0x08003984                malloc
 .text.memchr   0x08003994       0x1c e:/program files (x86)/atollic/truestudio for stm32 9.0.1/armtools/bin/../lib/gcc/arm-atollic-eabi/6.3.1/../../../../arm-atollic-eabi/lib/armv7-m\libc_nano.a(lib_a-memchr-stub.o)
                0x08003994                memchr
 .text.memcpy   0x080039b0       0x16 e:/program files (x86)/atollic/truestudio for stm32 9.0.1/armtools/bin/../lib/gcc/arm-atollic-eabi/6.3.1/../../../../arm-atollic-eabi/lib/armv7-m\libc_nano.a(lib_a-memcpy-stub.o)
                0x080039b0                memcpy
 .text._Balloc  0x080039c6       0x68 e:/program files (x86)/atollic/truestudio for stm32 9.0.1/armtools/bin/../lib/gcc/arm-atollic-eabi/6.3.1/../../../../arm-atollic-eabi/lib/armv7-m\libc_nano.a(lib_a-mprec.o)
                0x080039c6                _Balloc
 .text._Bfree   0x08003a2e       0x2e e:/program files (x86)/atollic/truestudio for stm32 9.0.1/armtools/bin/../lib/gcc/arm-atollic-eabi/6.3.1/../../../../arm-atollic-eabi/lib/armv7-m\libc_nano.a(lib_a-mprec.o)
                0x08003a2e                _Bfree
 .text.__multadd
                0x08003a5c       0x76 e:/program files (x86)/atollic/truestudio for stm32 9.0.1/armtools/bin/../lib/gcc/arm-atollic-eabi/6.3.1/../../../../arm-atollic-eabi/lib/armv7-m\libc_nano.a(lib_a-mprec.o)
                0x08003a5c                __multadd
 .text.__hi0bits
                0x08003ad2       0x3e e:/program files (x86)/atollic/truestudio for stm32 9.0.1/armtools/bin/../lib/gcc/arm-atollic-eabi/6.3.1/../../../../arm-atollic-eabi/lib/armv7-m\libc_nano.a(lib_a-mprec.o)
                0x08003ad2                __hi0bits
 .text.__lo0bits
                0x08003b10       0x5e e:/program files (x86)/atollic/truestudio for stm32 9.0.1/armtools/bin/../lib/gcc/arm-atollic-eabi/6.3.1/../../../../arm-atollic-eabi/lib/armv7-m\libc_nano.a(lib_a-mprec.o)
                0x08003b10                __lo0bits
 .text.__i2b    0x08003b6e       0x12 e:/program files (x86)/atollic/truestudio for stm32 9.0.1/armtools/bin/../lib/gcc/arm-atollic-eabi/6.3.1/../../../../arm-atollic-eabi/lib/armv7-m\libc_nano.a(lib_a-mprec.o)
                0x08003b6e                __i2b
 .text.__multiply
                0x08003b80      0x118 e:/program files (x86)/atollic/truestudio for stm32 9.0.1/armtools/bin/../lib/gcc/arm-atollic-eabi/6.3.1/../../../../arm-atollic-eabi/lib/armv7-m\libc_nano.a(lib_a-mprec.o)
                0x08003b80                __multiply
 .text.__pow5mult
                0x08003c98       0x9c e:/program files (x86)/atollic/truestudio for stm32 9.0.1/armtools/bin/../lib/gcc/arm-atollic-eabi/6.3.1/../../../../arm-atollic-eabi/lib/armv7-m\libc_nano.a(lib_a-mprec.o)
                0x08003c98                __pow5mult
 .text.__lshift
                0x08003d34       0xa2 e:/program files (x86)/atollic/truestudio for stm32 9.0.1/armtools/bin/../lib/gcc/arm-atollic-eabi/6.3.1/../../../../arm-atollic-eabi/lib/armv7-m\libc_nano.a(lib_a-mprec.o)
                0x08003d34                __lshift
 .text.__mcmp   0x08003dd6       0x34 e:/program files (x86)/atollic/truestudio for stm32 9.0.1/armtools/bin/../lib/gcc/arm-atollic-eabi/6.3.1/../../../../arm-atollic-eabi/lib/armv7-m\libc_nano.a(lib_a-mprec.o)
                0x08003dd6                __mcmp
 .text.__mdiff  0x08003e0a       0xbe e:/program files (x86)/atollic/truestudio for stm32 9.0.1/armtools/bin/../lib/gcc/arm-atollic-eabi/6.3.1/../../../../arm-atollic-eabi/lib/armv7-m\libc_nano.a(lib_a-mprec.o)
                0x08003e0a                __mdiff
 .text.__d2b    0x08003ec8       0x9e e:/program files (x86)/atollic/truestudio for stm32 9.0.1/armtools/bin/../lib/gcc/arm-atollic-eabi/6.3.1/../../../../arm-atollic-eabi/lib/armv7-m\libc_nano.a(lib_a-mprec.o)
                0x08003ec8                __d2b
 .text._calloc_r
                0x08003f66       0x1c e:/program files (x86)/atollic/truestudio for stm32 9.0.1/armtools/bin/../lib/gcc/arm-atollic-eabi/6.3.1/../../../../arm-atollic-eabi/lib/armv7-m\libc_nano.a(lib_a-nano-callocr.o)
                0x08003f66                _calloc_r
 *fill*         0x08003f82        0x2 
 .text._free_r  0x08003f84       0x98 e:/program files (x86)/atollic/truestudio for stm32 9.0.1/armtools/bin/../lib/gcc/arm-atollic-eabi/6.3.1/../../../../arm-atollic-eabi/lib/armv7-m\libc_nano.a(lib_a-nano-freer.o)
                0x08003f84                _free_r
 .text._malloc_r
                0x0800401c       0xbc e:/program files (x86)/atollic/truestudio for stm32 9.0.1/armtools/bin/../lib/gcc/arm-atollic-eabi/6.3.1/../../../../arm-atollic-eabi/lib/armv7-m\libc_nano.a(lib_a-nano-mallocr.o)
                0x0800401c                _malloc_r
 .text.__ssputs_r
                0x080040d8       0xb6 e:/program files (x86)/atollic/truestudio for stm32 9.0.1/armtools/bin/../lib/gcc/arm-atollic-eabi/6.3.1/../../../../arm-atollic-eabi/lib/armv7-m\libc_nano.a(lib_a-nano-svfprintf.o)
                0x080040d8                __ssputs_r
 *fill*         0x0800418e        0x2 
 .text._svfprintf_r
                0x08004190      0x1e8 e:/program files (x86)/atollic/truestudio for stm32 9.0.1/armtools/bin/../lib/gcc/arm-atollic-eabi/6.3.1/../../../../arm-atollic-eabi/lib/armv7-m\libc_nano.a(lib_a-nano-svfprintf.o)
                0x08004190                _svfiprintf_r
                0x08004190                _svfprintf_r
 .text._sbrk_r  0x08004378       0x20 e:/program files (x86)/atollic/truestudio for stm32 9.0.1/armtools/bin/../lib/gcc/arm-atollic-eabi/6.3.1/../../../../arm-atollic-eabi/lib/armv7-m\libc_nano.a(lib_a-sbrkr.o)
                0x08004378                _sbrk_r
 .text.__ascii_mbtowc
                0x08004398       0x24 e:/program files (x86)/atollic/truestudio for stm32 9.0.1/armtools/bin/../lib/gcc/arm-atollic-eabi/6.3.1/../../../../arm-atollic-eabi/lib/armv7-m\libc_nano.a(lib_a-mbtowc_r.o)
                0x08004398                __ascii_mbtowc
 .text.memmove  0x080043bc       0x34 e:/program files (x86)/atollic/truestudio for stm32 9.0.1/armtools/bin/../lib/gcc/arm-atollic-eabi/6.3.1/../../../../arm-atollic-eabi/lib/armv7-m\libc_nano.a(lib_a-memmove.o)
                0x080043bc                memmove
 .text.memset   0x080043f0       0x10 e:/program files (x86)/atollic/truestudio for stm32 9.0.1/armtools/bin/../lib/gcc/arm-atollic-eabi/6.3.1/../../../../arm-atollic-eabi/lib/armv7-m\libc_nano.a(lib_a-memset.o)
                0x080043f0                memset
 .text.__malloc_lock
                0x08004400        0x2 e:/program files (x86)/atollic/truestudio for stm32 9.0.1/armtools/bin/../lib/gcc/arm-atollic-eabi/6.3.1/../../../../arm-atollic-eabi/lib/armv7-m\libc_nano.a(lib_a-mlock.o)
                0x08004400                __malloc_lock
 .text.__malloc_unlock
                0x08004402        0x2 e:/program files (x86)/atollic/truestudio for stm32 9.0.1/armtools/bin/../lib/gcc/arm-atollic-eabi/6.3.1/../../../../arm-atollic-eabi/lib/armv7-m\libc_nano.a(lib_a-mlock.o)
                0x08004402                __malloc_unlock
 .text._realloc_r
                0x08004404       0x4c e:/program files (x86)/atollic/truestudio for stm32 9.0.1/armtools/bin/../lib/gcc/arm-atollic-eabi/6.3.1/../../../../arm-atollic-eabi/lib/armv7-m\libc_nano.a(lib_a-nano-reallocr.o)
                0x08004404                _realloc_r
 .text.__ascii_wctomb
                0x08004450       0x1a e:/program files (x86)/atollic/truestudio for stm32 9.0.1/armtools/bin/../lib/gcc/arm-atollic-eabi/6.3.1/../../../../arm-atollic-eabi/lib/armv7-m\libc_nano.a(lib_a-wctomb_r.o)
                0x08004450                __ascii_wctomb
 .text._malloc_usable_size_r
                0x0800446a       0x12 e:/program files (x86)/atollic/truestudio for stm32 9.0.1/armtools/bin/../lib/gcc/arm-atollic-eabi/6.3.1/../../../../arm-atollic-eabi/lib/armv7-m\libc_nano.a(lib_a-nano-msizer.o)
                0x0800446a                _malloc_usable_size_r
 .text._sbrk    0x0800447c       0x1c e:/program files (x86)/atollic/truestudio for stm32 9.0.1/armtools/bin/../lib/gcc/arm-atollic-eabi/6.3.1/../../../../arm-atollic-eabi/lib/armv7-m\libnosys.a(sbrk.o)
                0x0800447c                _sbrk
 *(.glue_7)
 .glue_7        0x08004498        0x0 linker stubs
 *(.glue_7t)
 .glue_7t       0x08004498        0x0 linker stubs
 *(.eh_frame)
 .eh_frame      0x08004498        0x0 e:/program files (x86)/atollic/truestudio for stm32 9.0.1/armtools/bin/../lib/gcc/arm-atollic-eabi/6.3.1/armv7-m/crtbegin.o
 *(.init)
 .init          0x08004498        0x4 e:/program files (x86)/atollic/truestudio for stm32 9.0.1/armtools/bin/../lib/gcc/arm-atollic-eabi/6.3.1/armv7-m/crti.o
                0x08004498                _init
 .init          0x0800449c        0x8 e:/program files (x86)/atollic/truestudio for stm32 9.0.1/armtools/bin/../lib/gcc/arm-atollic-eabi/6.3.1/armv7-m/crtn.o
 *(.fini)
 .fini          0x080044a4        0x4 e:/program files (x86)/atollic/truestudio for stm32 9.0.1/armtools/bin/../lib/gcc/arm-atollic-eabi/6.3.1/armv7-m/crti.o
                0x080044a4                _fini
 .fini          0x080044a8        0x8 e:/program files (x86)/atollic/truestudio for stm32 9.0.1/armtools/bin/../lib/gcc/arm-atollic-eabi/6.3.1/armv7-m/crtn.o
                0x080044b0                . = ALIGN (0x4)
                0x080044b0                _etext = .

.vfp11_veneer   0x080044b0        0x0
 .vfp11_veneer  0x080044b0        0x0 linker stubs

.v4_bx          0x080044b0        0x0
 .v4_bx         0x080044b0        0x0 linker stubs

.iplt           0x080044b0        0x0
 .iplt          0x080044b0        0x0 e:/program files (x86)/atollic/truestudio for stm32 9.0.1/armtools/bin/../lib/gcc/arm-atollic-eabi/6.3.1/armv7-m/crtbegin.o

.rodata         0x080044b0      0x2a8
                0x080044b0                . = ALIGN (0x4)
 *(.rodata)
 *(.rodata*)
 .rodata.EXTI9_5_IRQHandler.str1.1
                0x080044b0       0x1d Src\stm32l1xx_it.o
 .rodata.send_message.str1.1
                0x080044cd       0x11 Src\stm32l1xx_it.o
 .rodata.AHBPrescTable
                0x080044de       0x10 Src\system_stm32l1xx.o
                0x080044de                AHBPrescTable
 .rodata.APBPrescTable
                0x080044ee        0x8 Src\system_stm32l1xx.o
                0x080044ee                APBPrescTable
 .rodata.PLLMulTable
                0x080044f6        0x9 Src\system_stm32l1xx.o
                0x080044f6                PLLMulTable
 .rodata._printf_float.str1.1
                0x080044ff       0x12 e:/program files (x86)/atollic/truestudio for stm32 9.0.1/armtools/bin/../lib/gcc/arm-atollic-eabi/6.3.1/../../../../arm-atollic-eabi/lib/armv7-m\libc_nano.a(lib_a-nano-vfprintf_float.o)
 .rodata._printf_i.str1.1
                0x08004511       0x22 e:/program files (x86)/atollic/truestudio for stm32 9.0.1/armtools/bin/../lib/gcc/arm-atollic-eabi/6.3.1/../../../../arm-atollic-eabi/lib/armv7-m\libc_nano.a(lib_a-nano-vfprintf_i.o)
 .rodata._dtoa_r.str1.1
                0x08004533        0xd e:/program files (x86)/atollic/truestudio for stm32 9.0.1/armtools/bin/../lib/gcc/arm-atollic-eabi/6.3.1/../../../../arm-atollic-eabi/lib/armv7-m\libc_nano.a(lib_a-dtoa.o)
                                  0xf (size before relaxing)
 .rodata.__mprec_bigtens
                0x08004540       0x28 e:/program files (x86)/atollic/truestudio for stm32 9.0.1/armtools/bin/../lib/gcc/arm-atollic-eabi/6.3.1/../../../../arm-atollic-eabi/lib/armv7-m\libc_nano.a(lib_a-mprec.o)
                0x08004540                __mprec_bigtens
 .rodata.__mprec_tens
                0x08004568       0xc8 e:/program files (x86)/atollic/truestudio for stm32 9.0.1/armtools/bin/../lib/gcc/arm-atollic-eabi/6.3.1/../../../../arm-atollic-eabi/lib/armv7-m\libc_nano.a(lib_a-mprec.o)
                0x08004568                __mprec_tens
 .rodata.p05.6052
                0x08004630        0xc e:/program files (x86)/atollic/truestudio for stm32 9.0.1/armtools/bin/../lib/gcc/arm-atollic-eabi/6.3.1/../../../../arm-atollic-eabi/lib/armv7-m\libc_nano.a(lib_a-mprec.o)
 .rodata._svfprintf_r.str1.1
                0x0800463c       0x11 e:/program files (x86)/atollic/truestudio for stm32 9.0.1/armtools/bin/../lib/gcc/arm-atollic-eabi/6.3.1/../../../../arm-atollic-eabi/lib/armv7-m\libc_nano.a(lib_a-nano-svfprintf.o)
 .rodata._setlocale_r.str1.1
                0x0800464d        0x8 e:/program files (x86)/atollic/truestudio for stm32 9.0.1/armtools/bin/../lib/gcc/arm-atollic-eabi/6.3.1/../../../../arm-atollic-eabi/lib/armv7-m\libc_nano.a(lib_a-locale.o)
                                  0x9 (size before relaxing)
 .rodata.str1.1
                0x08004655        0x2 e:/program files (x86)/atollic/truestudio for stm32 9.0.1/armtools/bin/../lib/gcc/arm-atollic-eabi/6.3.1/../../../../arm-atollic-eabi/lib/armv7-m\libc_nano.a(lib_a-locale.o)
 .rodata._ctype_
                0x08004657      0x101 e:/program files (x86)/atollic/truestudio for stm32 9.0.1/armtools/bin/../lib/gcc/arm-atollic-eabi/6.3.1/../../../../arm-atollic-eabi/lib/armv7-m\libc_nano.a(lib_a-ctype_.o)
                0x08004657                _ctype_
                0x08004758                . = ALIGN (0x4)

.rel.dyn        0x08004758        0x0
 .rel.iplt      0x08004758        0x0 e:/program files (x86)/atollic/truestudio for stm32 9.0.1/armtools/bin/../lib/gcc/arm-atollic-eabi/6.3.1/armv7-m/crtbegin.o

.ARM.extab
 *(.ARM.extab* .gnu.linkonce.armextab.*)

.ARM            0x08004758        0x0
                0x08004758                __exidx_start = .
 *(.ARM.exidx*)
                0x08004758                __exidx_end = .

.preinit_array  0x08004758        0x0
                0x08004758                PROVIDE (__preinit_array_start, .)
 *(.preinit_array*)
                0x08004758                PROVIDE (__preinit_array_end, .)

.init_array     0x08004758        0x4
                0x08004758                PROVIDE (__init_array_start, .)
 *(SORT(.init_array.*))
 *(.init_array*)
 .init_array    0x08004758        0x4 e:/program files (x86)/atollic/truestudio for stm32 9.0.1/armtools/bin/../lib/gcc/arm-atollic-eabi/6.3.1/armv7-m/crtbegin.o
                0x0800475c                PROVIDE (__init_array_end, .)

.fini_array     0x0800475c        0x4
                [!provide]                PROVIDE (__fini_array_start, .)
 *(SORT(.fini_array.*))
 *(.fini_array*)
 .fini_array    0x0800475c        0x4 e:/program files (x86)/atollic/truestudio for stm32 9.0.1/armtools/bin/../lib/gcc/arm-atollic-eabi/6.3.1/armv7-m/crtbegin.o
                [!provide]                PROVIDE (__fini_array_end, .)
                0x08004760                _sidata = LOADADDR (.data)

.data           0x20000000      0x1d4 load address 0x08004760
                0x20000000                . = ALIGN (0x4)
                0x20000000                _sdata = .
 *(.data)
 *(.data*)
 .data.SystemCoreClock
                0x20000000        0x4 Src\system_stm32l1xx.o
                0x20000000                SystemCoreClock
 .data._impure_ptr
                0x20000004        0x4 e:/program files (x86)/atollic/truestudio for stm32 9.0.1/armtools/bin/../lib/gcc/arm-atollic-eabi/6.3.1/../../../../arm-atollic-eabi/lib/armv7-m\libc_nano.a(lib_a-impure.o)
                0x20000004                _impure_ptr
 .data.impure_data
                0x20000008       0x60 e:/program files (x86)/atollic/truestudio for stm32 9.0.1/armtools/bin/../lib/gcc/arm-atollic-eabi/6.3.1/../../../../arm-atollic-eabi/lib/armv7-m\libc_nano.a(lib_a-impure.o)
 .data.__global_locale
                0x20000068      0x16c e:/program files (x86)/atollic/truestudio for stm32 9.0.1/armtools/bin/../lib/gcc/arm-atollic-eabi/6.3.1/../../../../arm-atollic-eabi/lib/armv7-m\libc_nano.a(lib_a-locale.o)
                0x20000068                __global_locale
                0x200001d4                . = ALIGN (0x4)
                0x200001d4                _edata = .

.igot.plt       0x200001d4        0x0 load address 0x08004934
 .igot.plt      0x200001d4        0x0 e:/program files (x86)/atollic/truestudio for stm32 9.0.1/armtools/bin/../lib/gcc/arm-atollic-eabi/6.3.1/armv7-m/crtbegin.o
                0x200001d4                . = ALIGN (0x4)

.bss            0x200001d8       0xf8 load address 0x08004934
                0x200001d8                _sbss = .
                0x200001d8                __bss_start__ = _sbss
 *(.bss)
 .bss           0x200001d8       0x1c e:/program files (x86)/atollic/truestudio for stm32 9.0.1/armtools/bin/../lib/gcc/arm-atollic-eabi/6.3.1/armv7-m/crtbegin.o
 *(.bss*)
 .bss.__malloc_free_list
                0x200001f4        0x4 e:/program files (x86)/atollic/truestudio for stm32 9.0.1/armtools/bin/../lib/gcc/arm-atollic-eabi/6.3.1/../../../../arm-atollic-eabi/lib/armv7-m\libc_nano.a(lib_a-nano-mallocr.o)
                0x200001f4                __malloc_free_list
 .bss.__malloc_sbrk_start
                0x200001f8        0x4 e:/program files (x86)/atollic/truestudio for stm32 9.0.1/armtools/bin/../lib/gcc/arm-atollic-eabi/6.3.1/../../../../arm-atollic-eabi/lib/armv7-m\libc_nano.a(lib_a-nano-mallocr.o)
                0x200001f8                __malloc_sbrk_start
 .bss.heap_end.4116
                0x200001fc        0x4 e:/program files (x86)/atollic/truestudio for stm32 9.0.1/armtools/bin/../lib/gcc/arm-atollic-eabi/6.3.1/../../../../arm-atollic-eabi/lib/armv7-m\libnosys.a(sbrk.o)
 *(COMMON)
 COMMON         0x20000200        0x4 Drivers\STM32L1xx_HAL_Driver\Src\stm32l1xx_hal.o
                0x20000200                uwTick
 COMMON         0x20000204       0xb0 Src\main.o
                0x20000204                htim5
                0x2000023c                htim2
                0x20000274                huart2
 *fill*         0x200002b4        0x4 
 COMMON         0x200002b8       0x14 Src\stm32l1xx_it.o
                0x200002b8                ack
                0x200002bc                flag
                0x200002c0                distance
                0x200002c8                tick
 COMMON         0x200002cc        0x4 e:/program files (x86)/atollic/truestudio for stm32 9.0.1/armtools/bin/../lib/gcc/arm-atollic-eabi/6.3.1/../../../../arm-atollic-eabi/lib/armv7-m\libc_nano.a(lib_a-reent.o)
                0x200002cc                errno
                0x200002d0                . = ALIGN (0x4)
                0x200002d0                _ebss = .
                0x200002d0                __bss_end__ = _ebss

._user_heap_stack
                0x200002d0      0x600 load address 0x08004934
                0x200002d0                . = ALIGN (0x4)
                0x200002d0                PROVIDE (end, .)
                [!provide]                PROVIDE (_end, .)
                0x200004d0                . = (. + _Min_Heap_Size)
 *fill*         0x200002d0      0x200 
                0x200008d0                . = (. + _Min_Stack_Size)
 *fill*         0x200004d0      0x400 
                0x200008d0                . = ALIGN (0x4)

/DISCARD/
 libc.a(*)
 libm.a(*)
 libgcc.a(*)

.ARM.attributes
                0x00000000       0x29
 *(.ARM.attributes)
 .ARM.attributes
                0x00000000       0x1d e:/program files (x86)/atollic/truestudio for stm32 9.0.1/armtools/bin/../lib/gcc/arm-atollic-eabi/6.3.1/armv7-m/crti.o
 .ARM.attributes
                0x0000001d       0x2d e:/program files (x86)/atollic/truestudio for stm32 9.0.1/armtools/bin/../lib/gcc/arm-atollic-eabi/6.3.1/armv7-m/crtbegin.o
 .ARM.attributes
                0x0000004a       0x33 Drivers\STM32L1xx_HAL_Driver\Src\stm32l1xx_hal.o
 .ARM.attributes
                0x0000007d       0x33 Drivers\STM32L1xx_HAL_Driver\Src\stm32l1xx_hal_cortex.o
 .ARM.attributes
                0x000000b0       0x33 Drivers\STM32L1xx_HAL_Driver\Src\stm32l1xx_hal_gpio.o
 .ARM.attributes
                0x000000e3       0x33 Drivers\STM32L1xx_HAL_Driver\Src\stm32l1xx_hal_rcc.o
 .ARM.attributes
                0x00000116       0x33 Drivers\STM32L1xx_HAL_Driver\Src\stm32l1xx_hal_tim.o
 .ARM.attributes
                0x00000149       0x33 Drivers\STM32L1xx_HAL_Driver\Src\stm32l1xx_hal_tim_ex.o
 .ARM.attributes
                0x0000017c       0x33 Drivers\STM32L1xx_HAL_Driver\Src\stm32l1xx_hal_uart.o
 .ARM.attributes
                0x000001af       0x33 Src\main.o
 .ARM.attributes
                0x000001e2       0x33 Src\stm32l1xx_hal_msp.o
 .ARM.attributes
                0x00000215       0x33 Src\stm32l1xx_it.o
 .ARM.attributes
                0x00000248       0x33 Src\system_stm32l1xx.o
 .ARM.attributes
                0x0000027b       0x21 startup\startup_stm32l152xe.o
 .ARM.attributes
                0x0000029c       0x2d e:/program files (x86)/atollic/truestudio for stm32 9.0.1/armtools/bin/../lib/gcc/arm-atollic-eabi/6.3.1/../../../../arm-atollic-eabi/lib/armv7-m\libc_nano.a(lib_a-init.o)
 .ARM.attributes
                0x000002c9       0x2d e:/program files (x86)/atollic/truestudio for stm32 9.0.1/armtools/bin/../lib/gcc/arm-atollic-eabi/6.3.1/../../../../arm-atollic-eabi/lib/armv7-m\libc_nano.a(lib_a-nano-vfprintf_float.o)
 .ARM.attributes
                0x000002f6       0x2d e:/program files (x86)/atollic/truestudio for stm32 9.0.1/armtools/bin/../lib/gcc/arm-atollic-eabi/6.3.1/../../../../arm-atollic-eabi/lib/armv7-m\libc_nano.a(lib_a-nano-vfprintf_i.o)
 .ARM.attributes
                0x00000323       0x2d e:/program files (x86)/atollic/truestudio for stm32 9.0.1/armtools/bin/../lib/gcc/arm-atollic-eabi/6.3.1/../../../../arm-atollic-eabi/lib/armv7-m\libc_nano.a(lib_a-sprintf.o)
 .ARM.attributes
                0x00000350       0x17 e:/program files (x86)/atollic/truestudio for stm32 9.0.1/armtools/bin/../lib/gcc/arm-atollic-eabi/6.3.1/../../../../arm-atollic-eabi/lib/armv7-m\libc_nano.a(lib_a-strlen.o)
 .ARM.attributes
                0x00000367       0x2d e:/program files (x86)/atollic/truestudio for stm32 9.0.1/armtools/bin/../lib/gcc/arm-atollic-eabi/6.3.1/../../../../arm-atollic-eabi/lib/armv7-m\libc_nano.a(lib_a-dtoa.o)
 .ARM.attributes
                0x00000394       0x2d e:/program files (x86)/atollic/truestudio for stm32 9.0.1/armtools/bin/../lib/gcc/arm-atollic-eabi/6.3.1/../../../../arm-atollic-eabi/lib/armv7-m\libc_nano.a(lib_a-impure.o)
 .ARM.attributes
                0x000003c1       0x2d e:/program files (x86)/atollic/truestudio for stm32 9.0.1/armtools/bin/../lib/gcc/arm-atollic-eabi/6.3.1/../../../../arm-atollic-eabi/lib/armv7-m\libc_nano.a(lib_a-localeconv.o)
 .ARM.attributes
                0x000003ee       0x2d e:/program files (x86)/atollic/truestudio for stm32 9.0.1/armtools/bin/../lib/gcc/arm-atollic-eabi/6.3.1/../../../../arm-atollic-eabi/lib/armv7-m\libc_nano.a(lib_a-malloc.o)
 .ARM.attributes
                0x0000041b       0x2d e:/program files (x86)/atollic/truestudio for stm32 9.0.1/armtools/bin/../lib/gcc/arm-atollic-eabi/6.3.1/../../../../arm-atollic-eabi/lib/armv7-m\libc_nano.a(lib_a-memchr-stub.o)
 .ARM.attributes
                0x00000448       0x2d e:/program files (x86)/atollic/truestudio for stm32 9.0.1/armtools/bin/../lib/gcc/arm-atollic-eabi/6.3.1/../../../../arm-atollic-eabi/lib/armv7-m\libc_nano.a(lib_a-memcpy-stub.o)
 .ARM.attributes
                0x00000475       0x2d e:/program files (x86)/atollic/truestudio for stm32 9.0.1/armtools/bin/../lib/gcc/arm-atollic-eabi/6.3.1/../../../../arm-atollic-eabi/lib/armv7-m\libc_nano.a(lib_a-mprec.o)
 .ARM.attributes
                0x000004a2       0x2d e:/program files (x86)/atollic/truestudio for stm32 9.0.1/armtools/bin/../lib/gcc/arm-atollic-eabi/6.3.1/../../../../arm-atollic-eabi/lib/armv7-m\libc_nano.a(lib_a-nano-callocr.o)
 .ARM.attributes
                0x000004cf       0x2d e:/program files (x86)/atollic/truestudio for stm32 9.0.1/armtools/bin/../lib/gcc/arm-atollic-eabi/6.3.1/../../../../arm-atollic-eabi/lib/armv7-m\libc_nano.a(lib_a-nano-freer.o)
 .ARM.attributes
                0x000004fc       0x2d e:/program files (x86)/atollic/truestudio for stm32 9.0.1/armtools/bin/../lib/gcc/arm-atollic-eabi/6.3.1/../../../../arm-atollic-eabi/lib/armv7-m\libc_nano.a(lib_a-nano-mallocr.o)
 .ARM.attributes
                0x00000529       0x2d e:/program files (x86)/atollic/truestudio for stm32 9.0.1/armtools/bin/../lib/gcc/arm-atollic-eabi/6.3.1/../../../../arm-atollic-eabi/lib/armv7-m\libc_nano.a(lib_a-nano-svfprintf.o)
 .ARM.attributes
                0x00000556       0x2d e:/program files (x86)/atollic/truestudio for stm32 9.0.1/armtools/bin/../lib/gcc/arm-atollic-eabi/6.3.1/../../../../arm-atollic-eabi/lib/armv7-m\libc_nano.a(lib_a-sbrkr.o)
 .ARM.attributes
                0x00000583       0x2d e:/program files (x86)/atollic/truestudio for stm32 9.0.1/armtools/bin/../lib/gcc/arm-atollic-eabi/6.3.1/../../../../arm-atollic-eabi/lib/armv7-m\libc_nano.a(lib_a-locale.o)
 .ARM.attributes
                0x000005b0       0x2d e:/program files (x86)/atollic/truestudio for stm32 9.0.1/armtools/bin/../lib/gcc/arm-atollic-eabi/6.3.1/../../../../arm-atollic-eabi/lib/armv7-m\libc_nano.a(lib_a-mbtowc_r.o)
 .ARM.attributes
                0x000005dd       0x2d e:/program files (x86)/atollic/truestudio for stm32 9.0.1/armtools/bin/../lib/gcc/arm-atollic-eabi/6.3.1/../../../../arm-atollic-eabi/lib/armv7-m\libc_nano.a(lib_a-memmove.o)
 .ARM.attributes
                0x0000060a       0x2d e:/program files (x86)/atollic/truestudio for stm32 9.0.1/armtools/bin/../lib/gcc/arm-atollic-eabi/6.3.1/../../../../arm-atollic-eabi/lib/armv7-m\libc_nano.a(lib_a-memset.o)
 .ARM.attributes
                0x00000637       0x2d e:/program files (x86)/atollic/truestudio for stm32 9.0.1/armtools/bin/../lib/gcc/arm-atollic-eabi/6.3.1/../../../../arm-atollic-eabi/lib/armv7-m\libc_nano.a(lib_a-mlock.o)
 .ARM.attributes
                0x00000664       0x2d e:/program files (x86)/atollic/truestudio for stm32 9.0.1/armtools/bin/../lib/gcc/arm-atollic-eabi/6.3.1/../../../../arm-atollic-eabi/lib/armv7-m\libc_nano.a(lib_a-nano-reallocr.o)
 .ARM.attributes
                0x00000691       0x2d e:/program files (x86)/atollic/truestudio for stm32 9.0.1/armtools/bin/../lib/gcc/arm-atollic-eabi/6.3.1/../../../../arm-atollic-eabi/lib/armv7-m\libc_nano.a(lib_a-reent.o)
 .ARM.attributes
                0x000006be       0x2d e:/program files (x86)/atollic/truestudio for stm32 9.0.1/armtools/bin/../lib/gcc/arm-atollic-eabi/6.3.1/../../../../arm-atollic-eabi/lib/armv7-m\libc_nano.a(lib_a-wctomb_r.o)
 .ARM.attributes
                0x000006eb       0x2d e:/program files (x86)/atollic/truestudio for stm32 9.0.1/armtools/bin/../lib/gcc/arm-atollic-eabi/6.3.1/../../../../arm-atollic-eabi/lib/armv7-m\libc_nano.a(lib_a-ctype_.o)
 .ARM.attributes
                0x00000718       0x2d e:/program files (x86)/atollic/truestudio for stm32 9.0.1/armtools/bin/../lib/gcc/arm-atollic-eabi/6.3.1/../../../../arm-atollic-eabi/lib/armv7-m\libc_nano.a(lib_a-nano-msizer.o)
 .ARM.attributes
                0x00000745       0x1d e:/program files (x86)/atollic/truestudio for stm32 9.0.1/armtools/bin/../lib/gcc/arm-atollic-eabi/6.3.1/armv7-m\libgcc.a(_arm_addsubdf3.o)
 .ARM.attributes
                0x00000762       0x1d e:/program files (x86)/atollic/truestudio for stm32 9.0.1/armtools/bin/../lib/gcc/arm-atollic-eabi/6.3.1/armv7-m\libgcc.a(_arm_muldivdf3.o)
 .ARM.attributes
                0x0000077f       0x1d e:/program files (x86)/atollic/truestudio for stm32 9.0.1/armtools/bin/../lib/gcc/arm-atollic-eabi/6.3.1/armv7-m\libgcc.a(_arm_cmpdf2.o)
 .ARM.attributes
                0x0000079c       0x1d e:/program files (x86)/atollic/truestudio for stm32 9.0.1/armtools/bin/../lib/gcc/arm-atollic-eabi/6.3.1/armv7-m\libgcc.a(_arm_unorddf2.o)
 .ARM.attributes
                0x000007b9       0x1d e:/program files (x86)/atollic/truestudio for stm32 9.0.1/armtools/bin/../lib/gcc/arm-atollic-eabi/6.3.1/armv7-m\libgcc.a(_arm_fixdfsi.o)
 .ARM.attributes
                0x000007d6       0x2d e:/program files (x86)/atollic/truestudio for stm32 9.0.1/armtools/bin/../lib/gcc/arm-atollic-eabi/6.3.1/../../../../arm-atollic-eabi/lib/armv7-m\libnosys.a(sbrk.o)
 .ARM.attributes
                0x00000803       0x1d e:/program files (x86)/atollic/truestudio for stm32 9.0.1/armtools/bin/../lib/gcc/arm-atollic-eabi/6.3.1/armv7-m/crtn.o
OUTPUT(lab3.elf elf32-littlearm)

.debug_info     0x00000000    0x1069f
 .debug_info    0x00000000      0xec3 Drivers\STM32L1xx_HAL_Driver\Src\stm32l1xx_hal.o
 .debug_info    0x00000ec3     0x16d1 Drivers\STM32L1xx_HAL_Driver\Src\stm32l1xx_hal_cortex.o
 .debug_info    0x00002594      0xe9c Drivers\STM32L1xx_HAL_Driver\Src\stm32l1xx_hal_gpio.o
 .debug_info    0x00003430     0x1e5d Drivers\STM32L1xx_HAL_Driver\Src\stm32l1xx_hal_rcc.o
 .debug_info    0x0000528d     0x3a68 Drivers\STM32L1xx_HAL_Driver\Src\stm32l1xx_hal_tim.o
 .debug_info    0x00008cf5      0xe8a Drivers\STM32L1xx_HAL_Driver\Src\stm32l1xx_hal_tim_ex.o
 .debug_info    0x00009b7f     0x19e3 Drivers\STM32L1xx_HAL_Driver\Src\stm32l1xx_hal_uart.o
 .debug_info    0x0000b562     0x1b63 Src\main.o
 .debug_info    0x0000d0c5     0x159d Src\stm32l1xx_hal_msp.o
 .debug_info    0x0000e662     0x137c Src\stm32l1xx_it.o
 .debug_info    0x0000f9de      0xc69 Src\system_stm32l1xx.o
 .debug_info    0x00010647       0x58 startup\startup_stm32l152xe.o

.debug_abbrev   0x00000000     0x1ef5
 .debug_abbrev  0x00000000      0x2a4 Drivers\STM32L1xx_HAL_Driver\Src\stm32l1xx_hal.o
 .debug_abbrev  0x000002a4      0x386 Drivers\STM32L1xx_HAL_Driver\Src\stm32l1xx_hal_cortex.o
 .debug_abbrev  0x0000062a      0x268 Drivers\STM32L1xx_HAL_Driver\Src\stm32l1xx_hal_gpio.o
 .debug_abbrev  0x00000892      0x37e Drivers\STM32L1xx_HAL_Driver\Src\stm32l1xx_hal_rcc.o
 .debug_abbrev  0x00000c10      0x394 Drivers\STM32L1xx_HAL_Driver\Src\stm32l1xx_hal_tim.o
 .debug_abbrev  0x00000fa4      0x1bf Drivers\STM32L1xx_HAL_Driver\Src\stm32l1xx_hal_tim_ex.o
 .debug_abbrev  0x00001163      0x36c Drivers\STM32L1xx_HAL_Driver\Src\stm32l1xx_hal_uart.o
 .debug_abbrev  0x000014cf      0x37f Src\main.o
 .debug_abbrev  0x0000184e      0x235 Src\stm32l1xx_hal_msp.o
 .debug_abbrev  0x00001a83      0x296 Src\stm32l1xx_it.o
 .debug_abbrev  0x00001d19      0x1ca Src\system_stm32l1xx.o
 .debug_abbrev  0x00001ee3       0x12 startup\startup_stm32l152xe.o

.debug_loc      0x00000000     0x52ed
 .debug_loc     0x00000000       0x6a Drivers\STM32L1xx_HAL_Driver\Src\stm32l1xx_hal.o
 .debug_loc     0x0000006a      0x48c Drivers\STM32L1xx_HAL_Driver\Src\stm32l1xx_hal_cortex.o
 .debug_loc     0x000004f6      0x319 Drivers\STM32L1xx_HAL_Driver\Src\stm32l1xx_hal_gpio.o
 .debug_loc     0x0000080f      0xaf6 Drivers\STM32L1xx_HAL_Driver\Src\stm32l1xx_hal_rcc.o
 .debug_loc     0x00001305     0x2fae Drivers\STM32L1xx_HAL_Driver\Src\stm32l1xx_hal_tim.o
 .debug_loc     0x000042b3       0x63 Drivers\STM32L1xx_HAL_Driver\Src\stm32l1xx_hal_tim_ex.o
 .debug_loc     0x00004316      0xdb4 Drivers\STM32L1xx_HAL_Driver\Src\stm32l1xx_hal_uart.o
 .debug_loc     0x000050ca       0x21 Src\main.o
 .debug_loc     0x000050eb       0x4d Src\stm32l1xx_hal_msp.o
 .debug_loc     0x00005138       0x80 Src\stm32l1xx_it.o
 .debug_loc     0x000051b8      0x135 Src\system_stm32l1xx.o

.debug_aranges  0x00000000      0x688
 .debug_aranges
                0x00000000       0xa8 Drivers\STM32L1xx_HAL_Driver\Src\stm32l1xx_hal.o
 .debug_aranges
                0x000000a8       0xa8 Drivers\STM32L1xx_HAL_Driver\Src\stm32l1xx_hal_cortex.o
 .debug_aranges
                0x00000150       0x58 Drivers\STM32L1xx_HAL_Driver\Src\stm32l1xx_hal_gpio.o
 .debug_aranges
                0x000001a8       0x90 Drivers\STM32L1xx_HAL_Driver\Src\stm32l1xx_hal_rcc.o
 .debug_aranges
                0x00000238      0x218 Drivers\STM32L1xx_HAL_Driver\Src\stm32l1xx_hal_tim.o
 .debug_aranges
                0x00000450       0x28 Drivers\STM32L1xx_HAL_Driver\Src\stm32l1xx_hal_tim_ex.o
 .debug_aranges
                0x00000478      0x108 Drivers\STM32L1xx_HAL_Driver\Src\stm32l1xx_hal_uart.o
 .debug_aranges
                0x00000580       0x40 Src\main.o
 .debug_aranges
                0x000005c0       0x40 Src\stm32l1xx_hal_msp.o
 .debug_aranges
                0x00000600       0x38 Src\stm32l1xx_it.o
 .debug_aranges
                0x00000638       0x28 Src\system_stm32l1xx.o
 .debug_aranges
                0x00000660       0x28 startup\startup_stm32l152xe.o

.debug_ranges   0x00000000      0xad8
 .debug_ranges  0x00000000       0x98 Drivers\STM32L1xx_HAL_Driver\Src\stm32l1xx_hal.o
 .debug_ranges  0x00000098      0x140 Drivers\STM32L1xx_HAL_Driver\Src\stm32l1xx_hal_cortex.o
 .debug_ranges  0x000001d8       0x68 Drivers\STM32L1xx_HAL_Driver\Src\stm32l1xx_hal_gpio.o
 .debug_ranges  0x00000240      0x2a8 Drivers\STM32L1xx_HAL_Driver\Src\stm32l1xx_hal_rcc.o
 .debug_ranges  0x000004e8      0x310 Drivers\STM32L1xx_HAL_Driver\Src\stm32l1xx_hal_tim.o
 .debug_ranges  0x000007f8       0x18 Drivers\STM32L1xx_HAL_Driver\Src\stm32l1xx_hal_tim_ex.o
 .debug_ranges  0x00000810      0x140 Drivers\STM32L1xx_HAL_Driver\Src\stm32l1xx_hal_uart.o
 .debug_ranges  0x00000950       0xc0 Src\main.o
 .debug_ranges  0x00000a10       0x68 Src\stm32l1xx_hal_msp.o
 .debug_ranges  0x00000a78       0x28 Src\stm32l1xx_it.o
 .debug_ranges  0x00000aa0       0x18 Src\system_stm32l1xx.o
 .debug_ranges  0x00000ab8       0x20 startup\startup_stm32l152xe.o

.debug_line     0x00000000     0x4438
 .debug_line    0x00000000      0x3ed Drivers\STM32L1xx_HAL_Driver\Src\stm32l1xx_hal.o
 .debug_line    0x000003ed      0x4e4 Drivers\STM32L1xx_HAL_Driver\Src\stm32l1xx_hal_cortex.o
 .debug_line    0x000008d1      0x478 Drivers\STM32L1xx_HAL_Driver\Src\stm32l1xx_hal_gpio.o
 .debug_line    0x00000d49      0xa34 Drivers\STM32L1xx_HAL_Driver\Src\stm32l1xx_hal_rcc.o
 .debug_line    0x0000177d     0x1038 Drivers\STM32L1xx_HAL_Driver\Src\stm32l1xx_hal_tim.o
 .debug_line    0x000027b5      0x344 Drivers\STM32L1xx_HAL_Driver\Src\stm32l1xx_hal_tim_ex.o
 .debug_line    0x00002af9      0xa73 Drivers\STM32L1xx_HAL_Driver\Src\stm32l1xx_hal_uart.o
 .debug_line    0x0000356c      0x48b Src\main.o
 .debug_line    0x000039f7      0x377 Src\stm32l1xx_hal_msp.o
 .debug_line    0x00003d6e      0x3cb Src\stm32l1xx_it.o
 .debug_line    0x00004139      0x282 Src\system_stm32l1xx.o
 .debug_line    0x000043bb       0x7d startup\startup_stm32l152xe.o

.debug_str      0x00000000     0x2d7c
 .debug_str     0x00000000      0xb91 Drivers\STM32L1xx_HAL_Driver\Src\stm32l1xx_hal.o
                                0xc27 (size before relaxing)
 .debug_str     0x00000b91      0x3fc Drivers\STM32L1xx_HAL_Driver\Src\stm32l1xx_hal_cortex.o
                                0xec9 (size before relaxing)
 .debug_str     0x00000f8d      0x1cd Drivers\STM32L1xx_HAL_Driver\Src\stm32l1xx_hal_gpio.o
                                0x87f (size before relaxing)
 .debug_str     0x0000115a      0x39d Drivers\STM32L1xx_HAL_Driver\Src\stm32l1xx_hal_rcc.o
                                0xaed (size before relaxing)
 .debug_str     0x000014f7     0x1081 Drivers\STM32L1xx_HAL_Driver\Src\stm32l1xx_hal_tim.o
                               0x1742 (size before relaxing)
 .debug_str     0x00002578       0xc7 Drivers\STM32L1xx_HAL_Driver\Src\stm32l1xx_hal_tim_ex.o
                                0xa91 (size before relaxing)
 .debug_str     0x0000263f      0x51d Drivers\STM32L1xx_HAL_Driver\Src\stm32l1xx_hal_uart.o
                                0xded (size before relaxing)
 .debug_str     0x00002b5c      0x11a Src\main.o
                               0x13d0 (size before relaxing)
 .debug_str     0x00002c76       0x25 Src\stm32l1xx_hal_msp.o
                               0x1035 (size before relaxing)
 .debug_str     0x00002c9b       0x85 Src\stm32l1xx_it.o
                                0xc97 (size before relaxing)
 .debug_str     0x00002d20       0x5c Src\system_stm32l1xx.o
                                0x70d (size before relaxing)

.comment        0x00000000       0x7c
 .comment       0x00000000       0x7c Drivers\STM32L1xx_HAL_Driver\Src\stm32l1xx_hal.o
                                 0x7d (size before relaxing)
 .comment       0x0000007c       0x7d Drivers\STM32L1xx_HAL_Driver\Src\stm32l1xx_hal_cortex.o
 .comment       0x0000007c       0x7d Drivers\STM32L1xx_HAL_Driver\Src\stm32l1xx_hal_gpio.o
 .comment       0x0000007c       0x7d Drivers\STM32L1xx_HAL_Driver\Src\stm32l1xx_hal_rcc.o
 .comment       0x0000007c       0x7d Drivers\STM32L1xx_HAL_Driver\Src\stm32l1xx_hal_tim.o
 .comment       0x0000007c       0x7d Drivers\STM32L1xx_HAL_Driver\Src\stm32l1xx_hal_tim_ex.o
 .comment       0x0000007c       0x7d Drivers\STM32L1xx_HAL_Driver\Src\stm32l1xx_hal_uart.o
 .comment       0x0000007c       0x7d Src\main.o
 .comment       0x0000007c       0x7d Src\stm32l1xx_hal_msp.o
 .comment       0x0000007c       0x7d Src\stm32l1xx_it.o
 .comment       0x0000007c       0x7d Src\system_stm32l1xx.o

.debug_frame    0x00000000     0x1c80
 .debug_frame   0x00000000      0x164 Drivers\STM32L1xx_HAL_Driver\Src\stm32l1xx_hal.o
 .debug_frame   0x00000164      0x158 Drivers\STM32L1xx_HAL_Driver\Src\stm32l1xx_hal_cortex.o
 .debug_frame   0x000002bc       0xd4 Drivers\STM32L1xx_HAL_Driver\Src\stm32l1xx_hal_gpio.o
 .debug_frame   0x00000390      0x160 Drivers\STM32L1xx_HAL_Driver\Src\stm32l1xx_hal_rcc.o
 .debug_frame   0x000004f0      0x7ec Drivers\STM32L1xx_HAL_Driver\Src\stm32l1xx_hal_tim.o
 .debug_frame   0x00000cdc       0x38 Drivers\STM32L1xx_HAL_Driver\Src\stm32l1xx_hal_tim_ex.o
 .debug_frame   0x00000d14      0x320 Drivers\STM32L1xx_HAL_Driver\Src\stm32l1xx_hal_uart.o
 .debug_frame   0x00001034       0x7c Src\main.o
 .debug_frame   0x000010b0       0x80 Src\stm32l1xx_hal_msp.o
 .debug_frame   0x00001130       0x90 Src\stm32l1xx_it.o
 .debug_frame   0x000011c0       0x38 Src\system_stm32l1xx.o
 .debug_frame   0x000011f8       0x2c e:/program files (x86)/atollic/truestudio for stm32 9.0.1/armtools/bin/../lib/gcc/arm-atollic-eabi/6.3.1/../../../../arm-atollic-eabi/lib/armv7-m\libc_nano.a(lib_a-init.o)
 .debug_frame   0x00001224       0x90 e:/program files (x86)/atollic/truestudio for stm32 9.0.1/armtools/bin/../lib/gcc/arm-atollic-eabi/6.3.1/../../../../arm-atollic-eabi/lib/armv7-m\libc_nano.a(lib_a-nano-vfprintf_float.o)
 .debug_frame   0x000012b4       0x60 e:/program files (x86)/atollic/truestudio for stm32 9.0.1/armtools/bin/../lib/gcc/arm-atollic-eabi/6.3.1/../../../../arm-atollic-eabi/lib/armv7-m\libc_nano.a(lib_a-nano-vfprintf_i.o)
 .debug_frame   0x00001314       0x70 e:/program files (x86)/atollic/truestudio for stm32 9.0.1/armtools/bin/../lib/gcc/arm-atollic-eabi/6.3.1/../../../../arm-atollic-eabi/lib/armv7-m\libc_nano.a(lib_a-sprintf.o)
 .debug_frame   0x00001384       0x6c e:/program files (x86)/atollic/truestudio for stm32 9.0.1/armtools/bin/../lib/gcc/arm-atollic-eabi/6.3.1/../../../../arm-atollic-eabi/lib/armv7-m\libc_nano.a(lib_a-dtoa.o)
 .debug_frame   0x000013f0       0x40 e:/program files (x86)/atollic/truestudio for stm32 9.0.1/armtools/bin/../lib/gcc/arm-atollic-eabi/6.3.1/../../../../arm-atollic-eabi/lib/armv7-m\libc_nano.a(lib_a-localeconv.o)
 .debug_frame   0x00001430       0x30 e:/program files (x86)/atollic/truestudio for stm32 9.0.1/armtools/bin/../lib/gcc/arm-atollic-eabi/6.3.1/../../../../arm-atollic-eabi/lib/armv7-m\libc_nano.a(lib_a-malloc.o)
 .debug_frame   0x00001460       0x28 e:/program files (x86)/atollic/truestudio for stm32 9.0.1/armtools/bin/../lib/gcc/arm-atollic-eabi/6.3.1/../../../../arm-atollic-eabi/lib/armv7-m\libc_nano.a(lib_a-memchr-stub.o)
 .debug_frame   0x00001488       0x28 e:/program files (x86)/atollic/truestudio for stm32 9.0.1/armtools/bin/../lib/gcc/arm-atollic-eabi/6.3.1/../../../../arm-atollic-eabi/lib/armv7-m\libc_nano.a(lib_a-memcpy-stub.o)
 .debug_frame   0x000014b0      0x244 e:/program files (x86)/atollic/truestudio for stm32 9.0.1/armtools/bin/../lib/gcc/arm-atollic-eabi/6.3.1/../../../../arm-atollic-eabi/lib/armv7-m\libc_nano.a(lib_a-mprec.o)
 .debug_frame   0x000016f4       0x2c e:/program files (x86)/atollic/truestudio for stm32 9.0.1/armtools/bin/../lib/gcc/arm-atollic-eabi/6.3.1/../../../../arm-atollic-eabi/lib/armv7-m\libc_nano.a(lib_a-nano-callocr.o)
 .debug_frame   0x00001720       0x38 e:/program files (x86)/atollic/truestudio for stm32 9.0.1/armtools/bin/../lib/gcc/arm-atollic-eabi/6.3.1/../../../../arm-atollic-eabi/lib/armv7-m\libc_nano.a(lib_a-nano-freer.o)
 .debug_frame   0x00001758       0x2c e:/program files (x86)/atollic/truestudio for stm32 9.0.1/armtools/bin/../lib/gcc/arm-atollic-eabi/6.3.1/../../../../arm-atollic-eabi/lib/armv7-m\libc_nano.a(lib_a-nano-mallocr.o)
 .debug_frame   0x00001784       0x90 e:/program files (x86)/atollic/truestudio for stm32 9.0.1/armtools/bin/../lib/gcc/arm-atollic-eabi/6.3.1/../../../../arm-atollic-eabi/lib/armv7-m\libc_nano.a(lib_a-nano-svfprintf.o)
 .debug_frame   0x00001814       0x2c e:/program files (x86)/atollic/truestudio for stm32 9.0.1/armtools/bin/../lib/gcc/arm-atollic-eabi/6.3.1/../../../../arm-atollic-eabi/lib/armv7-m\libc_nano.a(lib_a-sbrkr.o)
 .debug_frame   0x00001840       0x68 e:/program files (x86)/atollic/truestudio for stm32 9.0.1/armtools/bin/../lib/gcc/arm-atollic-eabi/6.3.1/../../../../arm-atollic-eabi/lib/armv7-m\libc_nano.a(lib_a-locale.o)
 .debug_frame   0x000018a8       0x48 e:/program files (x86)/atollic/truestudio for stm32 9.0.1/armtools/bin/../lib/gcc/arm-atollic-eabi/6.3.1/../../../../arm-atollic-eabi/lib/armv7-m\libc_nano.a(lib_a-mbtowc_r.o)
 .debug_frame   0x000018f0       0x28 e:/program files (x86)/atollic/truestudio for stm32 9.0.1/armtools/bin/../lib/gcc/arm-atollic-eabi/6.3.1/../../../../arm-atollic-eabi/lib/armv7-m\libc_nano.a(lib_a-memmove.o)
 .debug_frame   0x00001918       0x20 e:/program files (x86)/atollic/truestudio for stm32 9.0.1/armtools/bin/../lib/gcc/arm-atollic-eabi/6.3.1/../../../../arm-atollic-eabi/lib/armv7-m\libc_nano.a(lib_a-memset.o)
 .debug_frame   0x00001938       0x30 e:/program files (x86)/atollic/truestudio for stm32 9.0.1/armtools/bin/../lib/gcc/arm-atollic-eabi/6.3.1/../../../../arm-atollic-eabi/lib/armv7-m\libc_nano.a(lib_a-mlock.o)
 .debug_frame   0x00001968       0x3c e:/program files (x86)/atollic/truestudio for stm32 9.0.1/armtools/bin/../lib/gcc/arm-atollic-eabi/6.3.1/../../../../arm-atollic-eabi/lib/armv7-m\libc_nano.a(lib_a-nano-reallocr.o)
 .debug_frame   0x000019a4       0x5c e:/program files (x86)/atollic/truestudio for stm32 9.0.1/armtools/bin/../lib/gcc/arm-atollic-eabi/6.3.1/../../../../arm-atollic-eabi/lib/armv7-m\libc_nano.a(lib_a-reent.o)
 .debug_frame   0x00001a00       0x3c e:/program files (x86)/atollic/truestudio for stm32 9.0.1/armtools/bin/../lib/gcc/arm-atollic-eabi/6.3.1/../../../../arm-atollic-eabi/lib/armv7-m\libc_nano.a(lib_a-wctomb_r.o)
 .debug_frame   0x00001a3c       0x20 e:/program files (x86)/atollic/truestudio for stm32 9.0.1/armtools/bin/../lib/gcc/arm-atollic-eabi/6.3.1/../../../../arm-atollic-eabi/lib/armv7-m\libc_nano.a(lib_a-nano-msizer.o)
 .debug_frame   0x00001a5c       0xac e:/program files (x86)/atollic/truestudio for stm32 9.0.1/armtools/bin/../lib/gcc/arm-atollic-eabi/6.3.1/armv7-m\libgcc.a(_arm_addsubdf3.o)
 .debug_frame   0x00001b08       0x50 e:/program files (x86)/atollic/truestudio for stm32 9.0.1/armtools/bin/../lib/gcc/arm-atollic-eabi/6.3.1/armv7-m\libgcc.a(_arm_muldivdf3.o)
 .debug_frame   0x00001b58       0xc4 e:/program files (x86)/atollic/truestudio for stm32 9.0.1/armtools/bin/../lib/gcc/arm-atollic-eabi/6.3.1/armv7-m\libgcc.a(_arm_cmpdf2.o)
 .debug_frame   0x00001c1c       0x20 e:/program files (x86)/atollic/truestudio for stm32 9.0.1/armtools/bin/../lib/gcc/arm-atollic-eabi/6.3.1/armv7-m\libgcc.a(_arm_unorddf2.o)
 .debug_frame   0x00001c3c       0x24 e:/program files (x86)/atollic/truestudio for stm32 9.0.1/armtools/bin/../lib/gcc/arm-atollic-eabi/6.3.1/armv7-m\libgcc.a(_arm_fixdfsi.o)
 .debug_frame   0x00001c60       0x20 e:/program files (x86)/atollic/truestudio for stm32 9.0.1/armtools/bin/../lib/gcc/arm-atollic-eabi/6.3.1/../../../../arm-atollic-eabi/lib/armv7-m\libnosys.a(sbrk.o)
