Archive member included to satisfy reference by file (symbol)

e:/program files (x86)/atollic/truestudio for stm32 9.0.1/armtools/bin/../lib/gcc/arm-atollic-eabi/6.3.1/../../../../arm-atollic-eabi/lib/armv7-m\libc_nano.a(lib_a-init.o)
                              startup\startup_stm32l152xe.o (__libc_init_array)

Allocating common symbols
Common symbol       size              file

uwTick              0x4               Drivers\STM32L1xx_HAL_Driver\Src\stm32l1xx_hal.o
pFlash              0x18              Drivers\STM32L1xx_HAL_Driver\Src\stm32l1xx_hal_flash.o
huart2              0x40              Src\main.o

Discarded input sections

 .text          0x00000000        0x0 e:/program files (x86)/atollic/truestudio for stm32 9.0.1/armtools/bin/../lib/gcc/arm-atollic-eabi/6.3.1/armv7-m/crti.o
 .data          0x00000000        0x0 e:/program files (x86)/atollic/truestudio for stm32 9.0.1/armtools/bin/../lib/gcc/arm-atollic-eabi/6.3.1/armv7-m/crti.o
 .bss           0x00000000        0x0 e:/program files (x86)/atollic/truestudio for stm32 9.0.1/armtools/bin/../lib/gcc/arm-atollic-eabi/6.3.1/armv7-m/crti.o
 .data          0x00000000        0x4 e:/program files (x86)/atollic/truestudio for stm32 9.0.1/armtools/bin/../lib/gcc/arm-atollic-eabi/6.3.1/armv7-m/crtbegin.o
 .text          0x00000000        0x0 Drivers\STM32L1xx_HAL_Driver\Src\stm32l1xx_hal.o
 .data          0x00000000        0x0 Drivers\STM32L1xx_HAL_Driver\Src\stm32l1xx_hal.o
 .bss           0x00000000        0x0 Drivers\STM32L1xx_HAL_Driver\Src\stm32l1xx_hal.o
 .text.HAL_DeInit
                0x00000000       0x3c Drivers\STM32L1xx_HAL_Driver\Src\stm32l1xx_hal.o
 .text.HAL_MspInit
                0x00000000        0xc Drivers\STM32L1xx_HAL_Driver\Src\stm32l1xx_hal.o
 .text.HAL_MspDeInit
                0x00000000        0xc Drivers\STM32L1xx_HAL_Driver\Src\stm32l1xx_hal.o
 .text.HAL_SuspendTick
                0x00000000       0x1c Drivers\STM32L1xx_HAL_Driver\Src\stm32l1xx_hal.o
 .text.HAL_ResumeTick
                0x00000000       0x1c Drivers\STM32L1xx_HAL_Driver\Src\stm32l1xx_hal.o
 .text.HAL_GetHalVersion
                0x00000000       0x14 Drivers\STM32L1xx_HAL_Driver\Src\stm32l1xx_hal.o
 .text.HAL_GetREVID
                0x00000000       0x18 Drivers\STM32L1xx_HAL_Driver\Src\stm32l1xx_hal.o
 .text.HAL_GetDEVID
                0x00000000       0x18 Drivers\STM32L1xx_HAL_Driver\Src\stm32l1xx_hal.o
 .text.HAL_DBGMCU_EnableDBGSleepMode
                0x00000000       0x1c Drivers\STM32L1xx_HAL_Driver\Src\stm32l1xx_hal.o
 .text.HAL_DBGMCU_DisableDBGSleepMode
                0x00000000       0x1c Drivers\STM32L1xx_HAL_Driver\Src\stm32l1xx_hal.o
 .text.HAL_DBGMCU_EnableDBGStopMode
                0x00000000       0x1c Drivers\STM32L1xx_HAL_Driver\Src\stm32l1xx_hal.o
 .text.HAL_DBGMCU_DisableDBGStopMode
                0x00000000       0x1c Drivers\STM32L1xx_HAL_Driver\Src\stm32l1xx_hal.o
 .text.HAL_DBGMCU_EnableDBGStandbyMode
                0x00000000       0x1c Drivers\STM32L1xx_HAL_Driver\Src\stm32l1xx_hal.o
 .text.HAL_DBGMCU_DisableDBGStandbyMode
                0x00000000       0x1c Drivers\STM32L1xx_HAL_Driver\Src\stm32l1xx_hal.o
 .text          0x00000000        0x0 Drivers\STM32L1xx_HAL_Driver\Src\stm32l1xx_hal_cortex.o
 .data          0x00000000        0x0 Drivers\STM32L1xx_HAL_Driver\Src\stm32l1xx_hal_cortex.o
 .bss           0x00000000        0x0 Drivers\STM32L1xx_HAL_Driver\Src\stm32l1xx_hal_cortex.o
 .text.NVIC_EnableIRQ
                0x00000000       0x30 Drivers\STM32L1xx_HAL_Driver\Src\stm32l1xx_hal_cortex.o
 .text.NVIC_DisableIRQ
                0x00000000       0x34 Drivers\STM32L1xx_HAL_Driver\Src\stm32l1xx_hal_cortex.o
 .text.NVIC_GetPendingIRQ
                0x00000000       0x34 Drivers\STM32L1xx_HAL_Driver\Src\stm32l1xx_hal_cortex.o
 .text.NVIC_SetPendingIRQ
                0x00000000       0x34 Drivers\STM32L1xx_HAL_Driver\Src\stm32l1xx_hal_cortex.o
 .text.NVIC_ClearPendingIRQ
                0x00000000       0x34 Drivers\STM32L1xx_HAL_Driver\Src\stm32l1xx_hal_cortex.o
 .text.NVIC_GetActive
                0x00000000       0x34 Drivers\STM32L1xx_HAL_Driver\Src\stm32l1xx_hal_cortex.o
 .text.NVIC_GetPriority
                0x00000000       0x4c Drivers\STM32L1xx_HAL_Driver\Src\stm32l1xx_hal_cortex.o
 .text.NVIC_DecodePriority
                0x00000000       0x68 Drivers\STM32L1xx_HAL_Driver\Src\stm32l1xx_hal_cortex.o
 .text.NVIC_SystemReset
                0x00000000       0x28 Drivers\STM32L1xx_HAL_Driver\Src\stm32l1xx_hal_cortex.o
 .text.HAL_NVIC_EnableIRQ
                0x00000000       0x1c Drivers\STM32L1xx_HAL_Driver\Src\stm32l1xx_hal_cortex.o
 .text.HAL_NVIC_DisableIRQ
                0x00000000       0x1c Drivers\STM32L1xx_HAL_Driver\Src\stm32l1xx_hal_cortex.o
 .text.HAL_NVIC_SystemReset
                0x00000000        0xc Drivers\STM32L1xx_HAL_Driver\Src\stm32l1xx_hal_cortex.o
 .text.HAL_MPU_Enable
                0x00000000       0x28 Drivers\STM32L1xx_HAL_Driver\Src\stm32l1xx_hal_cortex.o
 .text.HAL_MPU_Disable
                0x00000000       0x1c Drivers\STM32L1xx_HAL_Driver\Src\stm32l1xx_hal_cortex.o
 .text.HAL_MPU_ConfigRegion
                0x00000000       0x84 Drivers\STM32L1xx_HAL_Driver\Src\stm32l1xx_hal_cortex.o
 .text.HAL_NVIC_GetPriorityGrouping
                0x00000000        0xe Drivers\STM32L1xx_HAL_Driver\Src\stm32l1xx_hal_cortex.o
 .text.HAL_NVIC_GetPriority
                0x00000000       0x2c Drivers\STM32L1xx_HAL_Driver\Src\stm32l1xx_hal_cortex.o
 .text.HAL_NVIC_SetPendingIRQ
                0x00000000       0x1c Drivers\STM32L1xx_HAL_Driver\Src\stm32l1xx_hal_cortex.o
 .text.HAL_NVIC_GetPendingIRQ
                0x00000000       0x1e Drivers\STM32L1xx_HAL_Driver\Src\stm32l1xx_hal_cortex.o
 .text.HAL_NVIC_ClearPendingIRQ
                0x00000000       0x1c Drivers\STM32L1xx_HAL_Driver\Src\stm32l1xx_hal_cortex.o
 .text.HAL_NVIC_GetActive
                0x00000000       0x1e Drivers\STM32L1xx_HAL_Driver\Src\stm32l1xx_hal_cortex.o
 .text          0x00000000        0x0 Drivers\STM32L1xx_HAL_Driver\Src\stm32l1xx_hal_dma.o
 .data          0x00000000        0x0 Drivers\STM32L1xx_HAL_Driver\Src\stm32l1xx_hal_dma.o
 .bss           0x00000000        0x0 Drivers\STM32L1xx_HAL_Driver\Src\stm32l1xx_hal_dma.o
 .text.HAL_DMA_Init
                0x00000000      0x104 Drivers\STM32L1xx_HAL_Driver\Src\stm32l1xx_hal_dma.o
 .text.HAL_DMA_DeInit
                0x00000000       0xd8 Drivers\STM32L1xx_HAL_Driver\Src\stm32l1xx_hal_dma.o
 .text.HAL_DMA_Start
                0x00000000       0x86 Drivers\STM32L1xx_HAL_Driver\Src\stm32l1xx_hal_dma.o
 .text.HAL_DMA_Start_IT
                0x00000000       0xc0 Drivers\STM32L1xx_HAL_Driver\Src\stm32l1xx_hal_dma.o
 .text.HAL_DMA_Abort
                0x00000000       0x58 Drivers\STM32L1xx_HAL_Driver\Src\stm32l1xx_hal_dma.o
 .text.HAL_DMA_Abort_IT
                0x00000000       0x7e Drivers\STM32L1xx_HAL_Driver\Src\stm32l1xx_hal_dma.o
 .text.HAL_DMA_PollForTransfer
                0x00000000      0x138 Drivers\STM32L1xx_HAL_Driver\Src\stm32l1xx_hal_dma.o
 .text.HAL_DMA_IRQHandler
                0x00000000      0x146 Drivers\STM32L1xx_HAL_Driver\Src\stm32l1xx_hal_dma.o
 .text.HAL_DMA_RegisterCallback
                0x00000000       0x90 Drivers\STM32L1xx_HAL_Driver\Src\stm32l1xx_hal_dma.o
 .text.HAL_DMA_UnRegisterCallback
                0x00000000       0xb0 Drivers\STM32L1xx_HAL_Driver\Src\stm32l1xx_hal_dma.o
 .text.HAL_DMA_GetState
                0x00000000       0x1a Drivers\STM32L1xx_HAL_Driver\Src\stm32l1xx_hal_dma.o
 .text.HAL_DMA_GetError
                0x00000000       0x16 Drivers\STM32L1xx_HAL_Driver\Src\stm32l1xx_hal_dma.o
 .text.DMA_SetConfig
                0x00000000       0x5a Drivers\STM32L1xx_HAL_Driver\Src\stm32l1xx_hal_dma.o
 .debug_info    0x00000000      0xf91 Drivers\STM32L1xx_HAL_Driver\Src\stm32l1xx_hal_dma.o
 .debug_abbrev  0x00000000      0x26a Drivers\STM32L1xx_HAL_Driver\Src\stm32l1xx_hal_dma.o
 .debug_aranges
                0x00000000       0x80 Drivers\STM32L1xx_HAL_Driver\Src\stm32l1xx_hal_dma.o
 .debug_ranges  0x00000000       0x70 Drivers\STM32L1xx_HAL_Driver\Src\stm32l1xx_hal_dma.o
 .debug_line    0x00000000      0x4c5 Drivers\STM32L1xx_HAL_Driver\Src\stm32l1xx_hal_dma.o
 .debug_str     0x00000000      0xa60 Drivers\STM32L1xx_HAL_Driver\Src\stm32l1xx_hal_dma.o
 .comment       0x00000000       0x7d Drivers\STM32L1xx_HAL_Driver\Src\stm32l1xx_hal_dma.o
 .debug_frame   0x00000000      0x204 Drivers\STM32L1xx_HAL_Driver\Src\stm32l1xx_hal_dma.o
 .ARM.attributes
                0x00000000       0x33 Drivers\STM32L1xx_HAL_Driver\Src\stm32l1xx_hal_dma.o
 .text          0x00000000        0x0 Drivers\STM32L1xx_HAL_Driver\Src\stm32l1xx_hal_flash.o
 .data          0x00000000        0x0 Drivers\STM32L1xx_HAL_Driver\Src\stm32l1xx_hal_flash.o
 .bss           0x00000000        0x0 Drivers\STM32L1xx_HAL_Driver\Src\stm32l1xx_hal_flash.o
 .text.HAL_FLASH_Program
                0x00000000       0x60 Drivers\STM32L1xx_HAL_Driver\Src\stm32l1xx_hal_flash.o
 .text.HAL_FLASH_Program_IT
                0x00000000       0x60 Drivers\STM32L1xx_HAL_Driver\Src\stm32l1xx_hal_flash.o
 .text.HAL_FLASH_IRQHandler
                0x00000000      0x160 Drivers\STM32L1xx_HAL_Driver\Src\stm32l1xx_hal_flash.o
 .text.HAL_FLASH_EndOfOperationCallback
                0x00000000       0x12 Drivers\STM32L1xx_HAL_Driver\Src\stm32l1xx_hal_flash.o
 .text.HAL_FLASH_OperationErrorCallback
                0x00000000       0x12 Drivers\STM32L1xx_HAL_Driver\Src\stm32l1xx_hal_flash.o
 .text.HAL_FLASH_Unlock
                0x00000000       0x58 Drivers\STM32L1xx_HAL_Driver\Src\stm32l1xx_hal_flash.o
 .text.HAL_FLASH_Lock
                0x00000000       0x20 Drivers\STM32L1xx_HAL_Driver\Src\stm32l1xx_hal_flash.o
 .text.HAL_FLASH_OB_Unlock
                0x00000000       0x58 Drivers\STM32L1xx_HAL_Driver\Src\stm32l1xx_hal_flash.o
 .text.HAL_FLASH_OB_Lock
                0x00000000       0x20 Drivers\STM32L1xx_HAL_Driver\Src\stm32l1xx_hal_flash.o
 .text.HAL_FLASH_OB_Launch
                0x00000000       0x24 Drivers\STM32L1xx_HAL_Driver\Src\stm32l1xx_hal_flash.o
 .text.HAL_FLASH_GetError
                0x00000000       0x14 Drivers\STM32L1xx_HAL_Driver\Src\stm32l1xx_hal_flash.o
 .text.FLASH_WaitForLastOperation
                0x00000000       0xa0 Drivers\STM32L1xx_HAL_Driver\Src\stm32l1xx_hal_flash.o
 .text.FLASH_SetErrorCode
                0x00000000       0xac Drivers\STM32L1xx_HAL_Driver\Src\stm32l1xx_hal_flash.o
 .debug_info    0x00000000      0xd25 Drivers\STM32L1xx_HAL_Driver\Src\stm32l1xx_hal_flash.o
 .debug_abbrev  0x00000000      0x2ad Drivers\STM32L1xx_HAL_Driver\Src\stm32l1xx_hal_flash.o
 .debug_aranges
                0x00000000       0x80 Drivers\STM32L1xx_HAL_Driver\Src\stm32l1xx_hal_flash.o
 .debug_ranges  0x00000000       0x70 Drivers\STM32L1xx_HAL_Driver\Src\stm32l1xx_hal_flash.o
 .debug_line    0x00000000      0x453 Drivers\STM32L1xx_HAL_Driver\Src\stm32l1xx_hal_flash.o
 .debug_str     0x00000000      0x8e7 Drivers\STM32L1xx_HAL_Driver\Src\stm32l1xx_hal_flash.o
 .comment       0x00000000       0x7d Drivers\STM32L1xx_HAL_Driver\Src\stm32l1xx_hal_flash.o
 .debug_frame   0x00000000      0x1d8 Drivers\STM32L1xx_HAL_Driver\Src\stm32l1xx_hal_flash.o
 .ARM.attributes
                0x00000000       0x33 Drivers\STM32L1xx_HAL_Driver\Src\stm32l1xx_hal_flash.o
 COMMON         0x00000000       0x18 Drivers\STM32L1xx_HAL_Driver\Src\stm32l1xx_hal_flash.o
 .text          0x00000000        0x0 Drivers\STM32L1xx_HAL_Driver\Src\stm32l1xx_hal_flash_ex.o
 .data          0x00000000        0x0 Drivers\STM32L1xx_HAL_Driver\Src\stm32l1xx_hal_flash_ex.o
 .bss           0x00000000        0x0 Drivers\STM32L1xx_HAL_Driver\Src\stm32l1xx_hal_flash_ex.o
 .text.HAL_FLASHEx_Erase
                0x00000000       0xb0 Drivers\STM32L1xx_HAL_Driver\Src\stm32l1xx_hal_flash_ex.o
 .text.HAL_FLASHEx_Erase_IT
                0x00000000       0x84 Drivers\STM32L1xx_HAL_Driver\Src\stm32l1xx_hal_flash_ex.o
 .text.HAL_FLASHEx_OBProgram
                0x00000000      0x108 Drivers\STM32L1xx_HAL_Driver\Src\stm32l1xx_hal_flash_ex.o
 .text.HAL_FLASHEx_OBGetConfig
                0x00000000       0x64 Drivers\STM32L1xx_HAL_Driver\Src\stm32l1xx_hal_flash_ex.o
 .text.HAL_FLASHEx_AdvOBProgram
                0x00000000       0x32 Drivers\STM32L1xx_HAL_Driver\Src\stm32l1xx_hal_flash_ex.o
 .text.HAL_FLASHEx_AdvOBGetConfig
                0x00000000       0x3c Drivers\STM32L1xx_HAL_Driver\Src\stm32l1xx_hal_flash_ex.o
 .text.HAL_FLASHEx_DATAEEPROM_Unlock
                0x00000000       0x38 Drivers\STM32L1xx_HAL_Driver\Src\stm32l1xx_hal_flash_ex.o
 .text.HAL_FLASHEx_DATAEEPROM_Lock
                0x00000000       0x20 Drivers\STM32L1xx_HAL_Driver\Src\stm32l1xx_hal_flash_ex.o
 .text.HAL_FLASHEx_DATAEEPROM_Erase
                0x00000000       0x64 Drivers\STM32L1xx_HAL_Driver\Src\stm32l1xx_hal_flash_ex.o
 .text.HAL_FLASHEx_DATAEEPROM_Program
                0x00000000       0xdc Drivers\STM32L1xx_HAL_Driver\Src\stm32l1xx_hal_flash_ex.o
 .text.HAL_FLASHEx_DATAEEPROM_EnableFixedTimeProgram
                0x00000000       0x1c Drivers\STM32L1xx_HAL_Driver\Src\stm32l1xx_hal_flash_ex.o
 .text.HAL_FLASHEx_DATAEEPROM_DisableFixedTimeProgram
                0x00000000       0x1c Drivers\STM32L1xx_HAL_Driver\Src\stm32l1xx_hal_flash_ex.o
 .text.FLASH_OB_RDPConfig
                0x00000000       0x88 Drivers\STM32L1xx_HAL_Driver\Src\stm32l1xx_hal_flash_ex.o
 .text.FLASH_OB_BORConfig
                0x00000000       0x78 Drivers\STM32L1xx_HAL_Driver\Src\stm32l1xx_hal_flash_ex.o
 .text.FLASH_OB_GetUser
                0x00000000       0x20 Drivers\STM32L1xx_HAL_Driver\Src\stm32l1xx_hal_flash_ex.o
 .text.FLASH_OB_GetRDP
                0x00000000       0x18 Drivers\STM32L1xx_HAL_Driver\Src\stm32l1xx_hal_flash_ex.o
 .text.FLASH_OB_GetBOR
                0x00000000       0x20 Drivers\STM32L1xx_HAL_Driver\Src\stm32l1xx_hal_flash_ex.o
 .text.FLASH_OB_WRPConfig
                0x00000000       0x9c Drivers\STM32L1xx_HAL_Driver\Src\stm32l1xx_hal_flash_ex.o
 .text.FLASH_OB_WRPConfigWRP1OrPCROP1
                0x00000000       0xc4 Drivers\STM32L1xx_HAL_Driver\Src\stm32l1xx_hal_flash_ex.o
 .text.FLASH_OB_WRPConfigWRP2OrPCROP2
                0x00000000       0xc4 Drivers\STM32L1xx_HAL_Driver\Src\stm32l1xx_hal_flash_ex.o
 .text.FLASH_OB_WRPConfigWRP3
                0x00000000       0xc4 Drivers\STM32L1xx_HAL_Driver\Src\stm32l1xx_hal_flash_ex.o
 .text.FLASH_OB_WRPConfigWRP4
                0x00000000       0xd4 Drivers\STM32L1xx_HAL_Driver\Src\stm32l1xx_hal_flash_ex.o
 .text.FLASH_OB_UserConfig
                0x00000000       0x9c Drivers\STM32L1xx_HAL_Driver\Src\stm32l1xx_hal_flash_ex.o
 .text.FLASH_OB_BootConfig
                0x00000000       0x78 Drivers\STM32L1xx_HAL_Driver\Src\stm32l1xx_hal_flash_ex.o
 .text.FLASH_DATAEEPROM_FastProgramByte
                0x00000000       0x50 Drivers\STM32L1xx_HAL_Driver\Src\stm32l1xx_hal_flash_ex.o
 .text.FLASH_DATAEEPROM_FastProgramHalfWord
                0x00000000       0x50 Drivers\STM32L1xx_HAL_Driver\Src\stm32l1xx_hal_flash_ex.o
 .text.FLASH_DATAEEPROM_FastProgramWord
                0x00000000       0x4c Drivers\STM32L1xx_HAL_Driver\Src\stm32l1xx_hal_flash_ex.o
 .text.FLASH_DATAEEPROM_ProgramByte
                0x00000000       0x3e Drivers\STM32L1xx_HAL_Driver\Src\stm32l1xx_hal_flash_ex.o
 .text.FLASH_DATAEEPROM_ProgramHalfWord
                0x00000000       0x3e Drivers\STM32L1xx_HAL_Driver\Src\stm32l1xx_hal_flash_ex.o
 .text.FLASH_DATAEEPROM_ProgramWord
                0x00000000       0x3c Drivers\STM32L1xx_HAL_Driver\Src\stm32l1xx_hal_flash_ex.o
 .text.FLASH_PageErase
                0x00000000       0x44 Drivers\STM32L1xx_HAL_Driver\Src\stm32l1xx_hal_flash_ex.o
 .debug_info    0x00000000     0x14ff Drivers\STM32L1xx_HAL_Driver\Src\stm32l1xx_hal_flash_ex.o
 .debug_abbrev  0x00000000      0x2c1 Drivers\STM32L1xx_HAL_Driver\Src\stm32l1xx_hal_flash_ex.o
 .debug_aranges
                0x00000000      0x110 Drivers\STM32L1xx_HAL_Driver\Src\stm32l1xx_hal_flash_ex.o
 .debug_ranges  0x00000000      0x100 Drivers\STM32L1xx_HAL_Driver\Src\stm32l1xx_hal_flash_ex.o
 .debug_line    0x00000000      0x695 Drivers\STM32L1xx_HAL_Driver\Src\stm32l1xx_hal_flash_ex.o
 .debug_str     0x00000000      0xd22 Drivers\STM32L1xx_HAL_Driver\Src\stm32l1xx_hal_flash_ex.o
 .comment       0x00000000       0x7d Drivers\STM32L1xx_HAL_Driver\Src\stm32l1xx_hal_flash_ex.o
 .debug_frame   0x00000000      0x468 Drivers\STM32L1xx_HAL_Driver\Src\stm32l1xx_hal_flash_ex.o
 .ARM.attributes
                0x00000000       0x33 Drivers\STM32L1xx_HAL_Driver\Src\stm32l1xx_hal_flash_ex.o
 .text          0x00000000        0x0 Drivers\STM32L1xx_HAL_Driver\Src\stm32l1xx_hal_flash_ramfunc.o
 .data          0x00000000        0x0 Drivers\STM32L1xx_HAL_Driver\Src\stm32l1xx_hal_flash_ramfunc.o
 .bss           0x00000000        0x0 Drivers\STM32L1xx_HAL_Driver\Src\stm32l1xx_hal_flash_ramfunc.o
 .RamFunc       0x00000000      0x558 Drivers\STM32L1xx_HAL_Driver\Src\stm32l1xx_hal_flash_ramfunc.o
 .debug_info    0x00000000      0xdfc Drivers\STM32L1xx_HAL_Driver\Src\stm32l1xx_hal_flash_ramfunc.o
 .debug_abbrev  0x00000000      0x281 Drivers\STM32L1xx_HAL_Driver\Src\stm32l1xx_hal_flash_ramfunc.o
 .debug_aranges
                0x00000000       0x68 Drivers\STM32L1xx_HAL_Driver\Src\stm32l1xx_hal_flash_ramfunc.o
 .debug_ranges  0x00000000       0x58 Drivers\STM32L1xx_HAL_Driver\Src\stm32l1xx_hal_flash_ramfunc.o
 .debug_line    0x00000000      0x3a9 Drivers\STM32L1xx_HAL_Driver\Src\stm32l1xx_hal_flash_ramfunc.o
 .debug_str     0x00000000      0x97d Drivers\STM32L1xx_HAL_Driver\Src\stm32l1xx_hal_flash_ramfunc.o
 .comment       0x00000000       0x7d Drivers\STM32L1xx_HAL_Driver\Src\stm32l1xx_hal_flash_ramfunc.o
 .debug_frame   0x00000000      0x180 Drivers\STM32L1xx_HAL_Driver\Src\stm32l1xx_hal_flash_ramfunc.o
 .ARM.attributes
                0x00000000       0x33 Drivers\STM32L1xx_HAL_Driver\Src\stm32l1xx_hal_flash_ramfunc.o
 .text          0x00000000        0x0 Drivers\STM32L1xx_HAL_Driver\Src\stm32l1xx_hal_gpio.o
 .data          0x00000000        0x0 Drivers\STM32L1xx_HAL_Driver\Src\stm32l1xx_hal_gpio.o
 .bss           0x00000000        0x0 Drivers\STM32L1xx_HAL_Driver\Src\stm32l1xx_hal_gpio.o
 .text.HAL_GPIO_DeInit
                0x00000000      0x1e0 Drivers\STM32L1xx_HAL_Driver\Src\stm32l1xx_hal_gpio.o
 .text.HAL_GPIO_TogglePin
                0x00000000       0x22 Drivers\STM32L1xx_HAL_Driver\Src\stm32l1xx_hal_gpio.o
 .text.HAL_GPIO_LockPin
                0x00000000       0x4e Drivers\STM32L1xx_HAL_Driver\Src\stm32l1xx_hal_gpio.o
 .text.HAL_GPIO_EXTI_IRQHandler
                0x00000000       0x30 Drivers\STM32L1xx_HAL_Driver\Src\stm32l1xx_hal_gpio.o
 .text.HAL_GPIO_EXTI_Callback
                0x00000000       0x14 Drivers\STM32L1xx_HAL_Driver\Src\stm32l1xx_hal_gpio.o
 .text          0x00000000        0x0 Drivers\STM32L1xx_HAL_Driver\Src\stm32l1xx_hal_pwr.o
 .data          0x00000000        0x0 Drivers\STM32L1xx_HAL_Driver\Src\stm32l1xx_hal_pwr.o
 .bss           0x00000000        0x0 Drivers\STM32L1xx_HAL_Driver\Src\stm32l1xx_hal_pwr.o
 .text.HAL_PWR_DeInit
                0x00000000       0x28 Drivers\STM32L1xx_HAL_Driver\Src\stm32l1xx_hal_pwr.o
 .text.HAL_PWR_EnableBkUpAccess
                0x00000000       0x34 Drivers\STM32L1xx_HAL_Driver\Src\stm32l1xx_hal_pwr.o
 .text.HAL_PWR_DisableBkUpAccess
                0x00000000       0x34 Drivers\STM32L1xx_HAL_Driver\Src\stm32l1xx_hal_pwr.o
 .text.HAL_PWR_ConfigPVD
                0x00000000       0xbc Drivers\STM32L1xx_HAL_Driver\Src\stm32l1xx_hal_pwr.o
 .text.HAL_PWR_EnablePVD
                0x00000000       0x32 Drivers\STM32L1xx_HAL_Driver\Src\stm32l1xx_hal_pwr.o
 .text.HAL_PWR_DisablePVD
                0x00000000       0x32 Drivers\STM32L1xx_HAL_Driver\Src\stm32l1xx_hal_pwr.o
 .text.HAL_PWR_EnableWakeUpPin
                0x00000000       0x38 Drivers\STM32L1xx_HAL_Driver\Src\stm32l1xx_hal_pwr.o
 .text.HAL_PWR_DisableWakeUpPin
                0x00000000       0x38 Drivers\STM32L1xx_HAL_Driver\Src\stm32l1xx_hal_pwr.o
 .text.HAL_PWR_EnterSLEEPMode
                0x00000000       0x4c Drivers\STM32L1xx_HAL_Driver\Src\stm32l1xx_hal_pwr.o
 .text.HAL_PWR_EnterSTOPMode
                0x00000000       0x58 Drivers\STM32L1xx_HAL_Driver\Src\stm32l1xx_hal_pwr.o
 .text.HAL_PWR_EnterSTANDBYMode
                0x00000000       0x30 Drivers\STM32L1xx_HAL_Driver\Src\stm32l1xx_hal_pwr.o
 .text.HAL_PWR_EnableSleepOnExit
                0x00000000       0x1c Drivers\STM32L1xx_HAL_Driver\Src\stm32l1xx_hal_pwr.o
 .text.HAL_PWR_DisableSleepOnExit
                0x00000000       0x1c Drivers\STM32L1xx_HAL_Driver\Src\stm32l1xx_hal_pwr.o
 .text.HAL_PWR_EnableSEVOnPend
                0x00000000       0x1c Drivers\STM32L1xx_HAL_Driver\Src\stm32l1xx_hal_pwr.o
 .text.HAL_PWR_DisableSEVOnPend
                0x00000000       0x1c Drivers\STM32L1xx_HAL_Driver\Src\stm32l1xx_hal_pwr.o
 .text.HAL_PWR_PVD_IRQHandler
                0x00000000       0x24 Drivers\STM32L1xx_HAL_Driver\Src\stm32l1xx_hal_pwr.o
 .text.HAL_PWR_PVDCallback
                0x00000000        0xc Drivers\STM32L1xx_HAL_Driver\Src\stm32l1xx_hal_pwr.o
 .debug_info    0x00000000     0x1058 Drivers\STM32L1xx_HAL_Driver\Src\stm32l1xx_hal_pwr.o
 .debug_abbrev  0x00000000      0x29d Drivers\STM32L1xx_HAL_Driver\Src\stm32l1xx_hal_pwr.o
 .debug_aranges
                0x00000000       0xa0 Drivers\STM32L1xx_HAL_Driver\Src\stm32l1xx_hal_pwr.o
 .debug_ranges  0x00000000       0x90 Drivers\STM32L1xx_HAL_Driver\Src\stm32l1xx_hal_pwr.o
 .debug_line    0x00000000      0x477 Drivers\STM32L1xx_HAL_Driver\Src\stm32l1xx_hal_pwr.o
 .debug_str     0x00000000      0x920 Drivers\STM32L1xx_HAL_Driver\Src\stm32l1xx_hal_pwr.o
 .comment       0x00000000       0x7d Drivers\STM32L1xx_HAL_Driver\Src\stm32l1xx_hal_pwr.o
 .debug_frame   0x00000000      0x274 Drivers\STM32L1xx_HAL_Driver\Src\stm32l1xx_hal_pwr.o
 .ARM.attributes
                0x00000000       0x33 Drivers\STM32L1xx_HAL_Driver\Src\stm32l1xx_hal_pwr.o
 .text          0x00000000        0x0 Drivers\STM32L1xx_HAL_Driver\Src\stm32l1xx_hal_pwr_ex.o
 .data          0x00000000        0x0 Drivers\STM32L1xx_HAL_Driver\Src\stm32l1xx_hal_pwr_ex.o
 .bss           0x00000000        0x0 Drivers\STM32L1xx_HAL_Driver\Src\stm32l1xx_hal_pwr_ex.o
 .text.HAL_PWREx_GetVoltageRange
                0x00000000       0x18 Drivers\STM32L1xx_HAL_Driver\Src\stm32l1xx_hal_pwr_ex.o
 .text.HAL_PWREx_EnableFastWakeUp
                0x00000000       0x34 Drivers\STM32L1xx_HAL_Driver\Src\stm32l1xx_hal_pwr_ex.o
 .text.HAL_PWREx_DisableFastWakeUp
                0x00000000       0x34 Drivers\STM32L1xx_HAL_Driver\Src\stm32l1xx_hal_pwr_ex.o
 .text.HAL_PWREx_EnableUltraLowPower
                0x00000000       0x34 Drivers\STM32L1xx_HAL_Driver\Src\stm32l1xx_hal_pwr_ex.o
 .text.HAL_PWREx_DisableUltraLowPower
                0x00000000       0x34 Drivers\STM32L1xx_HAL_Driver\Src\stm32l1xx_hal_pwr_ex.o
 .text.HAL_PWREx_EnableLowPowerRunMode
                0x00000000       0x56 Drivers\STM32L1xx_HAL_Driver\Src\stm32l1xx_hal_pwr_ex.o
 .text.HAL_PWREx_DisableLowPowerRunMode
                0x00000000       0x58 Drivers\STM32L1xx_HAL_Driver\Src\stm32l1xx_hal_pwr_ex.o
 .debug_info    0x00000000      0xbe7 Drivers\STM32L1xx_HAL_Driver\Src\stm32l1xx_hal_pwr_ex.o
 .debug_abbrev  0x00000000      0x23b Drivers\STM32L1xx_HAL_Driver\Src\stm32l1xx_hal_pwr_ex.o
 .debug_aranges
                0x00000000       0x50 Drivers\STM32L1xx_HAL_Driver\Src\stm32l1xx_hal_pwr_ex.o
 .debug_ranges  0x00000000       0x40 Drivers\STM32L1xx_HAL_Driver\Src\stm32l1xx_hal_pwr_ex.o
 .debug_line    0x00000000      0x39c Drivers\STM32L1xx_HAL_Driver\Src\stm32l1xx_hal_pwr_ex.o
 .debug_str     0x00000000      0x75f Drivers\STM32L1xx_HAL_Driver\Src\stm32l1xx_hal_pwr_ex.o
 .comment       0x00000000       0x7d Drivers\STM32L1xx_HAL_Driver\Src\stm32l1xx_hal_pwr_ex.o
 .debug_frame   0x00000000      0x120 Drivers\STM32L1xx_HAL_Driver\Src\stm32l1xx_hal_pwr_ex.o
 .ARM.attributes
                0x00000000       0x33 Drivers\STM32L1xx_HAL_Driver\Src\stm32l1xx_hal_pwr_ex.o
 .text          0x00000000        0x0 Drivers\STM32L1xx_HAL_Driver\Src\stm32l1xx_hal_rcc.o
 .data          0x00000000        0x0 Drivers\STM32L1xx_HAL_Driver\Src\stm32l1xx_hal_rcc.o
 .bss           0x00000000        0x0 Drivers\STM32L1xx_HAL_Driver\Src\stm32l1xx_hal_rcc.o
 .text.HAL_RCC_DeInit
                0x00000000       0xa0 Drivers\STM32L1xx_HAL_Driver\Src\stm32l1xx_hal_rcc.o
 .text.HAL_RCC_MCOConfig
                0x00000000       0x6c Drivers\STM32L1xx_HAL_Driver\Src\stm32l1xx_hal_rcc.o
 .text.HAL_RCC_EnableCSS
                0x00000000       0x34 Drivers\STM32L1xx_HAL_Driver\Src\stm32l1xx_hal_rcc.o
 .text.HAL_RCC_DisableCSS
                0x00000000       0x34 Drivers\STM32L1xx_HAL_Driver\Src\stm32l1xx_hal_rcc.o
 .text.HAL_RCC_GetOscConfig
                0x00000000      0x160 Drivers\STM32L1xx_HAL_Driver\Src\stm32l1xx_hal_rcc.o
 .text.HAL_RCC_GetClockConfig
                0x00000000       0x60 Drivers\STM32L1xx_HAL_Driver\Src\stm32l1xx_hal_rcc.o
 .text.HAL_RCC_NMI_IRQHandler
                0x00000000       0x28 Drivers\STM32L1xx_HAL_Driver\Src\stm32l1xx_hal_rcc.o
 .text.HAL_RCC_CSSCallback
                0x00000000        0xc Drivers\STM32L1xx_HAL_Driver\Src\stm32l1xx_hal_rcc.o
 .text          0x00000000        0x0 Drivers\STM32L1xx_HAL_Driver\Src\stm32l1xx_hal_rcc_ex.o
 .data          0x00000000        0x0 Drivers\STM32L1xx_HAL_Driver\Src\stm32l1xx_hal_rcc_ex.o
 .bss           0x00000000        0x0 Drivers\STM32L1xx_HAL_Driver\Src\stm32l1xx_hal_rcc_ex.o
 .text.HAL_RCCEx_PeriphCLKConfig
                0x00000000      0x23c Drivers\STM32L1xx_HAL_Driver\Src\stm32l1xx_hal_rcc_ex.o
 .text.HAL_RCCEx_GetPeriphCLKConfig
                0x00000000       0x60 Drivers\STM32L1xx_HAL_Driver\Src\stm32l1xx_hal_rcc_ex.o
 .text.HAL_RCCEx_GetPeriphCLKFreq
                0x00000000       0xdc Drivers\STM32L1xx_HAL_Driver\Src\stm32l1xx_hal_rcc_ex.o
 .text.HAL_RCCEx_EnableLSECSS
                0x00000000       0x38 Drivers\STM32L1xx_HAL_Driver\Src\stm32l1xx_hal_rcc_ex.o
 .text.HAL_RCCEx_DisableLSECSS
                0x00000000       0x4c Drivers\STM32L1xx_HAL_Driver\Src\stm32l1xx_hal_rcc_ex.o
 .text.HAL_RCCEx_EnableLSECSS_IT
                0x00000000       0x68 Drivers\STM32L1xx_HAL_Driver\Src\stm32l1xx_hal_rcc_ex.o
 .text.HAL_RCCEx_LSECSS_IRQHandler
                0x00000000       0x28 Drivers\STM32L1xx_HAL_Driver\Src\stm32l1xx_hal_rcc_ex.o
 .text.HAL_RCCEx_LSECSS_Callback
                0x00000000        0xc Drivers\STM32L1xx_HAL_Driver\Src\stm32l1xx_hal_rcc_ex.o
 .debug_info    0x00000000      0xe30 Drivers\STM32L1xx_HAL_Driver\Src\stm32l1xx_hal_rcc_ex.o
 .debug_abbrev  0x00000000      0x2e6 Drivers\STM32L1xx_HAL_Driver\Src\stm32l1xx_hal_rcc_ex.o
 .debug_aranges
                0x00000000       0x58 Drivers\STM32L1xx_HAL_Driver\Src\stm32l1xx_hal_rcc_ex.o
 .debug_ranges  0x00000000       0x48 Drivers\STM32L1xx_HAL_Driver\Src\stm32l1xx_hal_rcc_ex.o
 .debug_line    0x00000000      0x43f Drivers\STM32L1xx_HAL_Driver\Src\stm32l1xx_hal_rcc_ex.o
 .debug_str     0x00000000      0x8a1 Drivers\STM32L1xx_HAL_Driver\Src\stm32l1xx_hal_rcc_ex.o
 .comment       0x00000000       0x7d Drivers\STM32L1xx_HAL_Driver\Src\stm32l1xx_hal_rcc_ex.o
 .debug_frame   0x00000000      0x13c Drivers\STM32L1xx_HAL_Driver\Src\stm32l1xx_hal_rcc_ex.o
 .ARM.attributes
                0x00000000       0x33 Drivers\STM32L1xx_HAL_Driver\Src\stm32l1xx_hal_rcc_ex.o
 .text          0x00000000        0x0 Drivers\STM32L1xx_HAL_Driver\Src\stm32l1xx_hal_tim.o
 .data          0x00000000        0x0 Drivers\STM32L1xx_HAL_Driver\Src\stm32l1xx_hal_tim.o
 .bss           0x00000000        0x0 Drivers\STM32L1xx_HAL_Driver\Src\stm32l1xx_hal_tim.o
 .debug_info    0x00000000      0x947 Drivers\STM32L1xx_HAL_Driver\Src\stm32l1xx_hal_tim.o
 .debug_abbrev  0x00000000      0x15c Drivers\STM32L1xx_HAL_Driver\Src\stm32l1xx_hal_tim.o
 .debug_aranges
                0x00000000       0x18 Drivers\STM32L1xx_HAL_Driver\Src\stm32l1xx_hal_tim.o
 .debug_line    0x00000000      0x203 Drivers\STM32L1xx_HAL_Driver\Src\stm32l1xx_hal_tim.o
 .debug_str     0x00000000      0x626 Drivers\STM32L1xx_HAL_Driver\Src\stm32l1xx_hal_tim.o
 .comment       0x00000000       0x7d Drivers\STM32L1xx_HAL_Driver\Src\stm32l1xx_hal_tim.o
 .ARM.attributes
                0x00000000       0x33 Drivers\STM32L1xx_HAL_Driver\Src\stm32l1xx_hal_tim.o
 .text          0x00000000        0x0 Drivers\STM32L1xx_HAL_Driver\Src\stm32l1xx_hal_tim_ex.o
 .data          0x00000000        0x0 Drivers\STM32L1xx_HAL_Driver\Src\stm32l1xx_hal_tim_ex.o
 .bss           0x00000000        0x0 Drivers\STM32L1xx_HAL_Driver\Src\stm32l1xx_hal_tim_ex.o
 .debug_info    0x00000000      0x947 Drivers\STM32L1xx_HAL_Driver\Src\stm32l1xx_hal_tim_ex.o
 .debug_abbrev  0x00000000      0x15c Drivers\STM32L1xx_HAL_Driver\Src\stm32l1xx_hal_tim_ex.o
 .debug_aranges
                0x00000000       0x18 Drivers\STM32L1xx_HAL_Driver\Src\stm32l1xx_hal_tim_ex.o
 .debug_line    0x00000000      0x203 Drivers\STM32L1xx_HAL_Driver\Src\stm32l1xx_hal_tim_ex.o
 .debug_str     0x00000000      0x629 Drivers\STM32L1xx_HAL_Driver\Src\stm32l1xx_hal_tim_ex.o
 .comment       0x00000000       0x7d Drivers\STM32L1xx_HAL_Driver\Src\stm32l1xx_hal_tim_ex.o
 .ARM.attributes
                0x00000000       0x33 Drivers\STM32L1xx_HAL_Driver\Src\stm32l1xx_hal_tim_ex.o
 .text          0x00000000        0x0 Drivers\STM32L1xx_HAL_Driver\Src\stm32l1xx_hal_uart.o
 .data          0x00000000        0x0 Drivers\STM32L1xx_HAL_Driver\Src\stm32l1xx_hal_uart.o
 .bss           0x00000000        0x0 Drivers\STM32L1xx_HAL_Driver\Src\stm32l1xx_hal_uart.o
 .text.HAL_HalfDuplex_Init
                0x00000000       0xa2 Drivers\STM32L1xx_HAL_Driver\Src\stm32l1xx_hal_uart.o
 .text.HAL_LIN_Init
                0x00000000       0xb8 Drivers\STM32L1xx_HAL_Driver\Src\stm32l1xx_hal_uart.o
 .text.HAL_MultiProcessor_Init
                0x00000000       0xc0 Drivers\STM32L1xx_HAL_Driver\Src\stm32l1xx_hal_uart.o
 .text.HAL_UART_DeInit
                0x00000000       0x68 Drivers\STM32L1xx_HAL_Driver\Src\stm32l1xx_hal_uart.o
 .text.HAL_UART_MspInit
                0x00000000       0x12 Drivers\STM32L1xx_HAL_Driver\Src\stm32l1xx_hal_uart.o
 .text.HAL_UART_MspDeInit
                0x00000000       0x12 Drivers\STM32L1xx_HAL_Driver\Src\stm32l1xx_hal_uart.o
 .text.HAL_UART_Receive
                0x00000000      0x170 Drivers\STM32L1xx_HAL_Driver\Src\stm32l1xx_hal_uart.o
 .text.HAL_UART_Transmit_IT
                0x00000000       0xac Drivers\STM32L1xx_HAL_Driver\Src\stm32l1xx_hal_uart.o
 .text.HAL_UART_Receive_IT
                0x00000000       0xcc Drivers\STM32L1xx_HAL_Driver\Src\stm32l1xx_hal_uart.o
 .text.HAL_UART_Transmit_DMA
                0x00000000       0xf4 Drivers\STM32L1xx_HAL_Driver\Src\stm32l1xx_hal_uart.o
 .text.HAL_UART_Receive_DMA
                0x00000000       0xe4 Drivers\STM32L1xx_HAL_Driver\Src\stm32l1xx_hal_uart.o
 .text.HAL_UART_DMAPause
                0x00000000       0x98 Drivers\STM32L1xx_HAL_Driver\Src\stm32l1xx_hal_uart.o
 .text.HAL_UART_DMAResume
                0x00000000       0xbc Drivers\STM32L1xx_HAL_Driver\Src\stm32l1xx_hal_uart.o
 .text.HAL_UART_DMAStop
                0x00000000       0x4e Drivers\STM32L1xx_HAL_Driver\Src\stm32l1xx_hal_uart.o
 .text.HAL_UART_IRQHandler
                0x00000000      0x1ac Drivers\STM32L1xx_HAL_Driver\Src\stm32l1xx_hal_uart.o
 .text.HAL_UART_TxCpltCallback
                0x00000000       0x12 Drivers\STM32L1xx_HAL_Driver\Src\stm32l1xx_hal_uart.o
 .text.HAL_UART_TxHalfCpltCallback
                0x00000000       0x12 Drivers\STM32L1xx_HAL_Driver\Src\stm32l1xx_hal_uart.o
 .text.HAL_UART_RxCpltCallback
                0x00000000       0x12 Drivers\STM32L1xx_HAL_Driver\Src\stm32l1xx_hal_uart.o
 .text.HAL_UART_RxHalfCpltCallback
                0x00000000       0x12 Drivers\STM32L1xx_HAL_Driver\Src\stm32l1xx_hal_uart.o
 .text.HAL_UART_ErrorCallback
                0x00000000       0x12 Drivers\STM32L1xx_HAL_Driver\Src\stm32l1xx_hal_uart.o
 .text.HAL_LIN_SendBreak
                0x00000000       0x52 Drivers\STM32L1xx_HAL_Driver\Src\stm32l1xx_hal_uart.o
 .text.HAL_MultiProcessor_EnterMuteMode
                0x00000000       0x52 Drivers\STM32L1xx_HAL_Driver\Src\stm32l1xx_hal_uart.o
 .text.HAL_MultiProcessor_ExitMuteMode
                0x00000000       0x52 Drivers\STM32L1xx_HAL_Driver\Src\stm32l1xx_hal_uart.o
 .text.HAL_HalfDuplex_EnableTransmitter
                0x00000000       0x56 Drivers\STM32L1xx_HAL_Driver\Src\stm32l1xx_hal_uart.o
 .text.HAL_HalfDuplex_EnableReceiver
                0x00000000       0x56 Drivers\STM32L1xx_HAL_Driver\Src\stm32l1xx_hal_uart.o
 .text.HAL_UART_GetState
                0x00000000       0x1a Drivers\STM32L1xx_HAL_Driver\Src\stm32l1xx_hal_uart.o
 .text.HAL_UART_GetError
                0x00000000       0x16 Drivers\STM32L1xx_HAL_Driver\Src\stm32l1xx_hal_uart.o
 .text.UART_DMATransmitCplt
                0x00000000       0x52 Drivers\STM32L1xx_HAL_Driver\Src\stm32l1xx_hal_uart.o
 .text.UART_DMATxHalfCplt
                0x00000000       0x1c Drivers\STM32L1xx_HAL_Driver\Src\stm32l1xx_hal_uart.o
 .text.UART_DMAReceiveCplt
                0x00000000       0x5e Drivers\STM32L1xx_HAL_Driver\Src\stm32l1xx_hal_uart.o
 .text.UART_DMARxHalfCplt
                0x00000000       0x1c Drivers\STM32L1xx_HAL_Driver\Src\stm32l1xx_hal_uart.o
 .text.UART_DMAError
                0x00000000       0x3c Drivers\STM32L1xx_HAL_Driver\Src\stm32l1xx_hal_uart.o
 .text.UART_Transmit_IT
                0x00000000       0xb6 Drivers\STM32L1xx_HAL_Driver\Src\stm32l1xx_hal_uart.o
 .text.UART_EndTransmit_IT
                0x00000000       0x46 Drivers\STM32L1xx_HAL_Driver\Src\stm32l1xx_hal_uart.o
 .text.UART_Receive_IT
                0x00000000      0x126 Drivers\STM32L1xx_HAL_Driver\Src\stm32l1xx_hal_uart.o
 .text          0x00000000        0x0 Src\dwt_stm32_delay.o
 .data          0x00000000        0x0 Src\dwt_stm32_delay.o
 .bss           0x00000000        0x0 Src\dwt_stm32_delay.o
 .text          0x00000000        0x0 Src\main.o
 .data          0x00000000        0x0 Src\main.o
 .bss           0x00000000        0x0 Src\main.o
 .text          0x00000000        0x0 Src\stm32l1xx_hal_msp.o
 .data          0x00000000        0x0 Src\stm32l1xx_hal_msp.o
 .bss           0x00000000        0x0 Src\stm32l1xx_hal_msp.o
 .text.HAL_UART_MspDeInit
                0x00000000       0x3c Src\stm32l1xx_hal_msp.o
 .text          0x00000000        0x0 Src\stm32l1xx_it.o
 .data          0x00000000        0x0 Src\stm32l1xx_it.o
 .bss           0x00000000        0x0 Src\stm32l1xx_it.o
 .text          0x00000000        0x0 Src\system_stm32l1xx.o
 .data          0x00000000        0x0 Src\system_stm32l1xx.o
 .bss           0x00000000        0x0 Src\system_stm32l1xx.o
 .text.SystemCoreClockUpdate
                0x00000000      0x154 Src\system_stm32l1xx.o
 .text          0x00000000       0x14 startup\startup_stm32l152xe.o
 .data          0x00000000        0x0 startup\startup_stm32l152xe.o
 .bss           0x00000000        0x0 startup\startup_stm32l152xe.o
 .text          0x00000000        0x0 e:/program files (x86)/atollic/truestudio for stm32 9.0.1/armtools/bin/../lib/gcc/arm-atollic-eabi/6.3.1/../../../../arm-atollic-eabi/lib/armv7-m\libc_nano.a(lib_a-init.o)
 .data          0x00000000        0x0 e:/program files (x86)/atollic/truestudio for stm32 9.0.1/armtools/bin/../lib/gcc/arm-atollic-eabi/6.3.1/../../../../arm-atollic-eabi/lib/armv7-m\libc_nano.a(lib_a-init.o)
 .bss           0x00000000        0x0 e:/program files (x86)/atollic/truestudio for stm32 9.0.1/armtools/bin/../lib/gcc/arm-atollic-eabi/6.3.1/../../../../arm-atollic-eabi/lib/armv7-m\libc_nano.a(lib_a-init.o)
 .text          0x00000000        0x0 e:/program files (x86)/atollic/truestudio for stm32 9.0.1/armtools/bin/../lib/gcc/arm-atollic-eabi/6.3.1/armv7-m/crtend.o
 .data          0x00000000        0x0 e:/program files (x86)/atollic/truestudio for stm32 9.0.1/armtools/bin/../lib/gcc/arm-atollic-eabi/6.3.1/armv7-m/crtend.o
 .bss           0x00000000        0x0 e:/program files (x86)/atollic/truestudio for stm32 9.0.1/armtools/bin/../lib/gcc/arm-atollic-eabi/6.3.1/armv7-m/crtend.o
 .eh_frame      0x00000000        0x4 e:/program files (x86)/atollic/truestudio for stm32 9.0.1/armtools/bin/../lib/gcc/arm-atollic-eabi/6.3.1/armv7-m/crtend.o
 .ARM.attributes
                0x00000000       0x2d e:/program files (x86)/atollic/truestudio for stm32 9.0.1/armtools/bin/../lib/gcc/arm-atollic-eabi/6.3.1/armv7-m/crtend.o
 .text          0x00000000        0x0 e:/program files (x86)/atollic/truestudio for stm32 9.0.1/armtools/bin/../lib/gcc/arm-atollic-eabi/6.3.1/armv7-m/crtn.o
 .data          0x00000000        0x0 e:/program files (x86)/atollic/truestudio for stm32 9.0.1/armtools/bin/../lib/gcc/arm-atollic-eabi/6.3.1/armv7-m/crtn.o
 .bss           0x00000000        0x0 e:/program files (x86)/atollic/truestudio for stm32 9.0.1/armtools/bin/../lib/gcc/arm-atollic-eabi/6.3.1/armv7-m/crtn.o

Memory Configuration

Name             Origin             Length             Attributes
RAM              0x20000000         0x00014000         xrw
FLASH            0x08000000         0x00080000         xr
*default*        0x00000000         0xffffffff

Linker script and memory map

LOAD e:/program files (x86)/atollic/truestudio for stm32 9.0.1/armtools/bin/../lib/gcc/arm-atollic-eabi/6.3.1/armv7-m/crti.o
LOAD e:/program files (x86)/atollic/truestudio for stm32 9.0.1/armtools/bin/../lib/gcc/arm-atollic-eabi/6.3.1/armv7-m/crtbegin.o
LOAD Drivers\STM32L1xx_HAL_Driver\Src\stm32l1xx_hal.o
LOAD Drivers\STM32L1xx_HAL_Driver\Src\stm32l1xx_hal_cortex.o
LOAD Drivers\STM32L1xx_HAL_Driver\Src\stm32l1xx_hal_dma.o
LOAD Drivers\STM32L1xx_HAL_Driver\Src\stm32l1xx_hal_flash.o
LOAD Drivers\STM32L1xx_HAL_Driver\Src\stm32l1xx_hal_flash_ex.o
LOAD Drivers\STM32L1xx_HAL_Driver\Src\stm32l1xx_hal_flash_ramfunc.o
LOAD Drivers\STM32L1xx_HAL_Driver\Src\stm32l1xx_hal_gpio.o
LOAD Drivers\STM32L1xx_HAL_Driver\Src\stm32l1xx_hal_pwr.o
LOAD Drivers\STM32L1xx_HAL_Driver\Src\stm32l1xx_hal_pwr_ex.o
LOAD Drivers\STM32L1xx_HAL_Driver\Src\stm32l1xx_hal_rcc.o
LOAD Drivers\STM32L1xx_HAL_Driver\Src\stm32l1xx_hal_rcc_ex.o
LOAD Drivers\STM32L1xx_HAL_Driver\Src\stm32l1xx_hal_tim.o
LOAD Drivers\STM32L1xx_HAL_Driver\Src\stm32l1xx_hal_tim_ex.o
LOAD Drivers\STM32L1xx_HAL_Driver\Src\stm32l1xx_hal_uart.o
LOAD Src\dwt_stm32_delay.o
LOAD Src\main.o
LOAD Src\stm32l1xx_hal_msp.o
LOAD Src\stm32l1xx_it.o
LOAD Src\system_stm32l1xx.o
LOAD startup\startup_stm32l152xe.o
                0x00000080                malloc_getpagesize_P = 0x80
START GROUP
LOAD e:/program files (x86)/atollic/truestudio for stm32 9.0.1/armtools/bin/../lib/gcc/arm-atollic-eabi/6.3.1/../../../../arm-atollic-eabi/lib/armv7-m\libc_nano.a
LOAD e:/program files (x86)/atollic/truestudio for stm32 9.0.1/armtools/bin/../lib/gcc/arm-atollic-eabi/6.3.1/../../../../arm-atollic-eabi/lib/armv7-m\libm.a
END GROUP
START GROUP
LOAD e:/program files (x86)/atollic/truestudio for stm32 9.0.1/armtools/bin/../lib/gcc/arm-atollic-eabi/6.3.1/armv7-m\libgcc.a
LOAD e:/program files (x86)/atollic/truestudio for stm32 9.0.1/armtools/bin/../lib/gcc/arm-atollic-eabi/6.3.1/../../../../arm-atollic-eabi/lib/armv7-m\libc_nano.a
END GROUP
START GROUP
LOAD e:/program files (x86)/atollic/truestudio for stm32 9.0.1/armtools/bin/../lib/gcc/arm-atollic-eabi/6.3.1/armv7-m\libgcc.a
LOAD e:/program files (x86)/atollic/truestudio for stm32 9.0.1/armtools/bin/../lib/gcc/arm-atollic-eabi/6.3.1/../../../../arm-atollic-eabi/lib/armv7-m\libc_nano.a
LOAD e:/program files (x86)/atollic/truestudio for stm32 9.0.1/armtools/bin/../lib/gcc/arm-atollic-eabi/6.3.1/../../../../arm-atollic-eabi/lib/armv7-m\libnosys.a
END GROUP
START GROUP
LOAD e:/program files (x86)/atollic/truestudio for stm32 9.0.1/armtools/bin/../lib/gcc/arm-atollic-eabi/6.3.1/armv7-m\libgcc.a
LOAD e:/program files (x86)/atollic/truestudio for stm32 9.0.1/armtools/bin/../lib/gcc/arm-atollic-eabi/6.3.1/../../../../arm-atollic-eabi/lib/armv7-m\libc_nano.a
LOAD e:/program files (x86)/atollic/truestudio for stm32 9.0.1/armtools/bin/../lib/gcc/arm-atollic-eabi/6.3.1/../../../../arm-atollic-eabi/lib/armv7-m\libnosys.a
END GROUP
LOAD e:/program files (x86)/atollic/truestudio for stm32 9.0.1/armtools/bin/../lib/gcc/arm-atollic-eabi/6.3.1/armv7-m/crtend.o
LOAD e:/program files (x86)/atollic/truestudio for stm32 9.0.1/armtools/bin/../lib/gcc/arm-atollic-eabi/6.3.1/armv7-m/crtn.o
                0x20014000                _estack = 0x20014000
                0x00000200                _Min_Heap_Size = 0x200
                0x00000400                _Min_Stack_Size = 0x400

.isr_vector     0x08000000      0x13c
                0x08000000                . = ALIGN (0x4)
 *(.isr_vector)
 .isr_vector    0x08000000      0x13c startup\startup_stm32l152xe.o
                0x08000000                g_pfnVectors
                0x0800013c                . = ALIGN (0x4)

.text           0x0800013c     0x27d8
                0x0800013c                . = ALIGN (0x4)
 *(.text)
 .text          0x0800013c       0x40 e:/program files (x86)/atollic/truestudio for stm32 9.0.1/armtools/bin/../lib/gcc/arm-atollic-eabi/6.3.1/armv7-m/crtbegin.o
 *(.text*)
 .text.HAL_Init
                0x0800017c       0x1a Drivers\STM32L1xx_HAL_Driver\Src\stm32l1xx_hal.o
                0x0800017c                HAL_Init
 *fill*         0x08000196        0x2 
 .text.HAL_InitTick
                0x08000198       0x38 Drivers\STM32L1xx_HAL_Driver\Src\stm32l1xx_hal.o
                0x08000198                HAL_InitTick
 .text.HAL_IncTick
                0x080001d0       0x1c Drivers\STM32L1xx_HAL_Driver\Src\stm32l1xx_hal.o
                0x080001d0                HAL_IncTick
 .text.HAL_GetTick
                0x080001ec       0x14 Drivers\STM32L1xx_HAL_Driver\Src\stm32l1xx_hal.o
                0x080001ec                HAL_GetTick
 .text.HAL_Delay
                0x08000200       0x2c Drivers\STM32L1xx_HAL_Driver\Src\stm32l1xx_hal.o
                0x08000200                HAL_Delay
 .text.NVIC_SetPriorityGrouping
                0x0800022c       0x48 Drivers\STM32L1xx_HAL_Driver\Src\stm32l1xx_hal_cortex.o
 .text.NVIC_GetPriorityGrouping
                0x08000274       0x1c Drivers\STM32L1xx_HAL_Driver\Src\stm32l1xx_hal_cortex.o
 .text.NVIC_SetPriority
                0x08000290       0x54 Drivers\STM32L1xx_HAL_Driver\Src\stm32l1xx_hal_cortex.o
 .text.NVIC_EncodePriority
                0x080002e4       0x60 Drivers\STM32L1xx_HAL_Driver\Src\stm32l1xx_hal_cortex.o
 .text.SysTick_Config
                0x08000344       0x44 Drivers\STM32L1xx_HAL_Driver\Src\stm32l1xx_hal_cortex.o
 .text.HAL_NVIC_SetPriorityGrouping
                0x08000388       0x16 Drivers\STM32L1xx_HAL_Driver\Src\stm32l1xx_hal_cortex.o
                0x08000388                HAL_NVIC_SetPriorityGrouping
 .text.HAL_NVIC_SetPriority
                0x0800039e       0x38 Drivers\STM32L1xx_HAL_Driver\Src\stm32l1xx_hal_cortex.o
                0x0800039e                HAL_NVIC_SetPriority
 .text.HAL_SYSTICK_Config
                0x080003d6       0x18 Drivers\STM32L1xx_HAL_Driver\Src\stm32l1xx_hal_cortex.o
                0x080003d6                HAL_SYSTICK_Config
 *fill*         0x080003ee        0x2 
 .text.HAL_SYSTICK_CLKSourceConfig
                0x080003f0       0x38 Drivers\STM32L1xx_HAL_Driver\Src\stm32l1xx_hal_cortex.o
                0x080003f0                HAL_SYSTICK_CLKSourceConfig
 .text.HAL_SYSTICK_IRQHandler
                0x08000428        0xc Drivers\STM32L1xx_HAL_Driver\Src\stm32l1xx_hal_cortex.o
                0x08000428                HAL_SYSTICK_IRQHandler
 .text.HAL_SYSTICK_Callback
                0x08000434        0xc Drivers\STM32L1xx_HAL_Driver\Src\stm32l1xx_hal_cortex.o
                0x08000434                HAL_SYSTICK_Callback
 .text.HAL_GPIO_Init
                0x08000440      0x31c Drivers\STM32L1xx_HAL_Driver\Src\stm32l1xx_hal_gpio.o
                0x08000440                HAL_GPIO_Init
 .text.HAL_GPIO_ReadPin
                0x0800075c       0x2e Drivers\STM32L1xx_HAL_Driver\Src\stm32l1xx_hal_gpio.o
                0x0800075c                HAL_GPIO_ReadPin
 .text.HAL_GPIO_WritePin
                0x0800078a       0x30 Drivers\STM32L1xx_HAL_Driver\Src\stm32l1xx_hal_gpio.o
                0x0800078a                HAL_GPIO_WritePin
 *fill*         0x080007ba        0x2 
 .text.HAL_RCC_OscConfig
                0x080007bc      0xef4 Drivers\STM32L1xx_HAL_Driver\Src\stm32l1xx_hal_rcc.o
                0x080007bc                HAL_RCC_OscConfig
 .text.HAL_RCC_ClockConfig
                0x080016b0      0x3b0 Drivers\STM32L1xx_HAL_Driver\Src\stm32l1xx_hal_rcc.o
                0x080016b0                HAL_RCC_ClockConfig
 .text.HAL_RCC_GetSysClockFreq
                0x08001a60      0x10c Drivers\STM32L1xx_HAL_Driver\Src\stm32l1xx_hal_rcc.o
                0x08001a60                HAL_RCC_GetSysClockFreq
 .text.HAL_RCC_GetHCLKFreq
                0x08001b6c       0x14 Drivers\STM32L1xx_HAL_Driver\Src\stm32l1xx_hal_rcc.o
                0x08001b6c                HAL_RCC_GetHCLKFreq
 .text.HAL_RCC_GetPCLK1Freq
                0x08001b80       0x44 Drivers\STM32L1xx_HAL_Driver\Src\stm32l1xx_hal_rcc.o
                0x08001b80                HAL_RCC_GetPCLK1Freq
 .text.HAL_RCC_GetPCLK2Freq
                0x08001bc4       0x44 Drivers\STM32L1xx_HAL_Driver\Src\stm32l1xx_hal_rcc.o
                0x08001bc4                HAL_RCC_GetPCLK2Freq
 .text.RCC_SetFlashLatencyFromMSIRange
                0x08001c08       0xc4 Drivers\STM32L1xx_HAL_Driver\Src\stm32l1xx_hal_rcc.o
 .text.HAL_UART_Init
                0x08001ccc       0x92 Drivers\STM32L1xx_HAL_Driver\Src\stm32l1xx_hal_uart.o
                0x08001ccc                HAL_UART_Init
 .text.HAL_UART_Transmit
                0x08001d5e      0x150 Drivers\STM32L1xx_HAL_Driver\Src\stm32l1xx_hal_uart.o
                0x08001d5e                HAL_UART_Transmit
 .text.UART_WaitOnFlagUntilTimeout
                0x08001eae      0x132 Drivers\STM32L1xx_HAL_Driver\Src\stm32l1xx_hal_uart.o
 .text.UART_SetConfig
                0x08001fe0      0x400 Drivers\STM32L1xx_HAL_Driver\Src\stm32l1xx_hal_uart.o
 .text.DWT_Delay_Init
                0x080023e0       0x60 Src\dwt_stm32_delay.o
                0x080023e0                DWT_Delay_Init
 .text.main     0x08002440       0xa0 Src\main.o
                0x08002440                main
 .text.SystemClock_Config
                0x080024e0       0xb4 Src\main.o
                0x080024e0                SystemClock_Config
 .text.MX_USART2_UART_Init
                0x08002594       0x5c Src\main.o
 .text.MX_GPIO_Init
                0x080025f0       0xe0 Src\main.o
 .text._Error_Handler
                0x080026d0        0xc Src\main.o
                0x080026d0                _Error_Handler
 .text.HAL_MspInit
                0x080026dc       0xb4 Src\stm32l1xx_hal_msp.o
                0x080026dc                HAL_MspInit
 .text.HAL_UART_MspInit
                0x08002790       0x60 Src\stm32l1xx_hal_msp.o
                0x08002790                HAL_UART_MspInit
 .text.SysTick_Handler
                0x080027f0       0x10 Src\stm32l1xx_it.o
                0x080027f0                SysTick_Handler
 .text.SystemInit
                0x08002800       0x68 Src\system_stm32l1xx.o
                0x08002800                SystemInit
 .text.Reset_Handler
                0x08002868       0x48 startup\startup_stm32l152xe.o
                0x08002868                Reset_Handler
 .text.Default_Handler
                0x080028b0        0x2 startup\startup_stm32l152xe.o
                0x080028b0                RTC_Alarm_IRQHandler
                0x080028b0                EXTI2_IRQHandler
                0x080028b0                COMP_ACQ_IRQHandler
                0x080028b0                DebugMon_Handler
                0x080028b0                HardFault_Handler
                0x080028b0                TIM10_IRQHandler
                0x080028b0                USB_HP_IRQHandler
                0x080028b0                TIM6_IRQHandler
                0x080028b0                PVD_IRQHandler
                0x080028b0                PendSV_Handler
                0x080028b0                NMI_Handler
                0x080028b0                EXTI3_IRQHandler
                0x080028b0                EXTI0_IRQHandler
                0x080028b0                I2C2_EV_IRQHandler
                0x080028b0                UsageFault_Handler
                0x080028b0                SPI1_IRQHandler
                0x080028b0                USB_FS_WKUP_IRQHandler
                0x080028b0                DMA2_Channel2_IRQHandler
                0x080028b0                DMA1_Channel4_IRQHandler
                0x080028b0                ADC1_IRQHandler
                0x080028b0                USART3_IRQHandler
                0x080028b0                DMA1_Channel7_IRQHandler
                0x080028b0                LCD_IRQHandler
                0x080028b0                UART5_IRQHandler
                0x080028b0                TIM4_IRQHandler
                0x080028b0                DMA2_Channel1_IRQHandler
                0x080028b0                I2C1_EV_IRQHandler
                0x080028b0                DMA1_Channel6_IRQHandler
                0x080028b0                UART4_IRQHandler
                0x080028b0                DMA2_Channel4_IRQHandler
                0x080028b0                TIM3_IRQHandler
                0x080028b0                RCC_IRQHandler
                0x080028b0                DMA1_Channel1_IRQHandler
                0x080028b0                Default_Handler
                0x080028b0                EXTI15_10_IRQHandler
                0x080028b0                TIM7_IRQHandler
                0x080028b0                TIM5_IRQHandler
                0x080028b0                EXTI9_5_IRQHandler
                0x080028b0                TIM9_IRQHandler
                0x080028b0                TAMPER_STAMP_IRQHandler
                0x080028b0                RTC_WKUP_IRQHandler
                0x080028b0                SPI2_IRQHandler
                0x080028b0                MemManage_Handler
                0x080028b0                SVC_Handler
                0x080028b0                DMA2_Channel5_IRQHandler
                0x080028b0                DMA1_Channel5_IRQHandler
                0x080028b0                USB_LP_IRQHandler
                0x080028b0                EXTI4_IRQHandler
                0x080028b0                DMA1_Channel3_IRQHandler
                0x080028b0                COMP_IRQHandler
                0x080028b0                WWDG_IRQHandler
                0x080028b0                TIM2_IRQHandler
                0x080028b0                DAC_IRQHandler
                0x080028b0                EXTI1_IRQHandler
                0x080028b0                TIM11_IRQHandler
                0x080028b0                USART2_IRQHandler
                0x080028b0                I2C2_ER_IRQHandler
                0x080028b0                DMA1_Channel2_IRQHandler
                0x080028b0                FLASH_IRQHandler
                0x080028b0                BusFault_Handler
                0x080028b0                USART1_IRQHandler
                0x080028b0                SPI3_IRQHandler
                0x080028b0                I2C1_ER_IRQHandler
                0x080028b0                DMA2_Channel3_IRQHandler
 *fill*         0x080028b2        0x2 
 .text.__libc_init_array
                0x080028b4       0x48 e:/program files (x86)/atollic/truestudio for stm32 9.0.1/armtools/bin/../lib/gcc/arm-atollic-eabi/6.3.1/../../../../arm-atollic-eabi/lib/armv7-m\libc_nano.a(lib_a-init.o)
                0x080028b4                __libc_init_array
 *(.glue_7)
 .glue_7        0x080028fc        0x0 linker stubs
 *(.glue_7t)
 .glue_7t       0x080028fc        0x0 linker stubs
 *(.eh_frame)
 .eh_frame      0x080028fc        0x0 e:/program files (x86)/atollic/truestudio for stm32 9.0.1/armtools/bin/../lib/gcc/arm-atollic-eabi/6.3.1/armv7-m/crtbegin.o
 *(.init)
 .init          0x080028fc        0x4 e:/program files (x86)/atollic/truestudio for stm32 9.0.1/armtools/bin/../lib/gcc/arm-atollic-eabi/6.3.1/armv7-m/crti.o
                0x080028fc                _init
 .init          0x08002900        0x8 e:/program files (x86)/atollic/truestudio for stm32 9.0.1/armtools/bin/../lib/gcc/arm-atollic-eabi/6.3.1/armv7-m/crtn.o
 *(.fini)
 .fini          0x08002908        0x4 e:/program files (x86)/atollic/truestudio for stm32 9.0.1/armtools/bin/../lib/gcc/arm-atollic-eabi/6.3.1/armv7-m/crti.o
                0x08002908                _fini
 .fini          0x0800290c        0x8 e:/program files (x86)/atollic/truestudio for stm32 9.0.1/armtools/bin/../lib/gcc/arm-atollic-eabi/6.3.1/armv7-m/crtn.o
                0x08002914                . = ALIGN (0x4)
                0x08002914                _etext = .

.vfp11_veneer   0x08002914        0x0
 .vfp11_veneer  0x08002914        0x0 linker stubs

.v4_bx          0x08002914        0x0
 .v4_bx         0x08002914        0x0 linker stubs

.iplt           0x08002914        0x0
 .iplt          0x08002914        0x0 e:/program files (x86)/atollic/truestudio for stm32 9.0.1/armtools/bin/../lib/gcc/arm-atollic-eabi/6.3.1/armv7-m/crtbegin.o

.rodata         0x08002914       0x44
                0x08002914                . = ALIGN (0x4)
 *(.rodata)
 .rodata        0x08002914       0x1e Src\main.o
 *(.rodata*)
 *fill*         0x08002932        0x2 
 .rodata.PLLMulTable
                0x08002934        0x9 Src\system_stm32l1xx.o
                0x08002934                PLLMulTable
 *fill*         0x0800293d        0x3 
 .rodata.AHBPrescTable
                0x08002940       0x10 Src\system_stm32l1xx.o
                0x08002940                AHBPrescTable
 .rodata.APBPrescTable
                0x08002950        0x8 Src\system_stm32l1xx.o
                0x08002950                APBPrescTable
                0x08002958                . = ALIGN (0x4)

.rel.dyn        0x08002958        0x0
 .rel.iplt      0x08002958        0x0 e:/program files (x86)/atollic/truestudio for stm32 9.0.1/armtools/bin/../lib/gcc/arm-atollic-eabi/6.3.1/armv7-m/crtbegin.o

.ARM.extab
 *(.ARM.extab* .gnu.linkonce.armextab.*)

.ARM            0x08002958        0x0
                0x08002958                __exidx_start = .
 *(.ARM.exidx*)
                0x08002958                __exidx_end = .

.preinit_array  0x08002958        0x0
                0x08002958                PROVIDE (__preinit_array_start, .)
 *(.preinit_array*)
                0x08002958                PROVIDE (__preinit_array_end, .)

.init_array     0x08002958        0x4
                0x08002958                PROVIDE (__init_array_start, .)
 *(SORT(.init_array.*))
 *(.init_array*)
 .init_array    0x08002958        0x4 e:/program files (x86)/atollic/truestudio for stm32 9.0.1/armtools/bin/../lib/gcc/arm-atollic-eabi/6.3.1/armv7-m/crtbegin.o
                0x0800295c                PROVIDE (__init_array_end, .)

.fini_array     0x0800295c        0x4
                [!provide]                PROVIDE (__fini_array_start, .)
 *(SORT(.fini_array.*))
 *(.fini_array*)
 .fini_array    0x0800295c        0x4 e:/program files (x86)/atollic/truestudio for stm32 9.0.1/armtools/bin/../lib/gcc/arm-atollic-eabi/6.3.1/armv7-m/crtbegin.o
                [!provide]                PROVIDE (__fini_array_end, .)
                0x08002960                _sidata = LOADADDR (.data)

.data           0x20000000        0x4 load address 0x08002960
                0x20000000                . = ALIGN (0x4)
                0x20000000                _sdata = .
 *(.data)
 *(.data*)
 .data.SystemCoreClock
                0x20000000        0x4 Src\system_stm32l1xx.o
                0x20000000                SystemCoreClock
                0x20000004                . = ALIGN (0x4)
                0x20000004                _edata = .

.igot.plt       0x20000004        0x0 load address 0x08002964
 .igot.plt      0x20000004        0x0 e:/program files (x86)/atollic/truestudio for stm32 9.0.1/armtools/bin/../lib/gcc/arm-atollic-eabi/6.3.1/armv7-m/crtbegin.o
                0x20000004                . = ALIGN (0x4)

.bss            0x20000004       0x60 load address 0x08002964
                0x20000004                _sbss = .
                0x20000004                __bss_start__ = _sbss
 *(.bss)
 .bss           0x20000004       0x1c e:/program files (x86)/atollic/truestudio for stm32 9.0.1/armtools/bin/../lib/gcc/arm-atollic-eabi/6.3.1/armv7-m/crtbegin.o
 *(.bss*)
 *(COMMON)
 COMMON         0x20000020        0x4 Drivers\STM32L1xx_HAL_Driver\Src\stm32l1xx_hal.o
                0x20000020                uwTick
 COMMON         0x20000024       0x40 Src\main.o
                0x20000024                huart2
                0x20000064                . = ALIGN (0x4)
                0x20000064                _ebss = .
                0x20000064                __bss_end__ = _ebss

._user_heap_stack
                0x20000064      0x600 load address 0x08002964
                0x20000064                . = ALIGN (0x4)
                [!provide]                PROVIDE (end, .)
                [!provide]                PROVIDE (_end, .)
                0x20000264                . = (. + _Min_Heap_Size)
 *fill*         0x20000064      0x200 
                0x20000664                . = (. + _Min_Stack_Size)
 *fill*         0x20000264      0x400 
                0x20000664                . = ALIGN (0x4)

/DISCARD/
 libc.a(*)
 libm.a(*)
 libgcc.a(*)

.ARM.attributes
                0x00000000       0x29
 *(.ARM.attributes)
 .ARM.attributes
                0x00000000       0x1d e:/program files (x86)/atollic/truestudio for stm32 9.0.1/armtools/bin/../lib/gcc/arm-atollic-eabi/6.3.1/armv7-m/crti.o
 .ARM.attributes
                0x0000001d       0x2d e:/program files (x86)/atollic/truestudio for stm32 9.0.1/armtools/bin/../lib/gcc/arm-atollic-eabi/6.3.1/armv7-m/crtbegin.o
 .ARM.attributes
                0x0000004a       0x33 Drivers\STM32L1xx_HAL_Driver\Src\stm32l1xx_hal.o
 .ARM.attributes
                0x0000007d       0x33 Drivers\STM32L1xx_HAL_Driver\Src\stm32l1xx_hal_cortex.o
 .ARM.attributes
                0x000000b0       0x33 Drivers\STM32L1xx_HAL_Driver\Src\stm32l1xx_hal_gpio.o
 .ARM.attributes
                0x000000e3       0x33 Drivers\STM32L1xx_HAL_Driver\Src\stm32l1xx_hal_rcc.o
 .ARM.attributes
                0x00000116       0x33 Drivers\STM32L1xx_HAL_Driver\Src\stm32l1xx_hal_uart.o
 .ARM.attributes
                0x00000149       0x33 Src\dwt_stm32_delay.o
 .ARM.attributes
                0x0000017c       0x33 Src\main.o
 .ARM.attributes
                0x000001af       0x33 Src\stm32l1xx_hal_msp.o
 .ARM.attributes
                0x000001e2       0x33 Src\stm32l1xx_it.o
 .ARM.attributes
                0x00000215       0x33 Src\system_stm32l1xx.o
 .ARM.attributes
                0x00000248       0x21 startup\startup_stm32l152xe.o
 .ARM.attributes
                0x00000269       0x2d e:/program files (x86)/atollic/truestudio for stm32 9.0.1/armtools/bin/../lib/gcc/arm-atollic-eabi/6.3.1/../../../../arm-atollic-eabi/lib/armv7-m\libc_nano.a(lib_a-init.o)
 .ARM.attributes
                0x00000296       0x1d e:/program files (x86)/atollic/truestudio for stm32 9.0.1/armtools/bin/../lib/gcc/arm-atollic-eabi/6.3.1/armv7-m/crtn.o
OUTPUT(Lab1.elf elf32-littlearm)

.debug_info     0x00000000     0xad1f
 .debug_info    0x00000000      0xe28 Drivers\STM32L1xx_HAL_Driver\Src\stm32l1xx_hal.o
 .debug_info    0x00000e28     0x156f Drivers\STM32L1xx_HAL_Driver\Src\stm32l1xx_hal_cortex.o
 .debug_info    0x00002397      0xe8c Drivers\STM32L1xx_HAL_Driver\Src\stm32l1xx_hal_gpio.o
 .debug_info    0x00003223     0x1dc8 Drivers\STM32L1xx_HAL_Driver\Src\stm32l1xx_hal_rcc.o
 .debug_info    0x00004feb     0x16b8 Drivers\STM32L1xx_HAL_Driver\Src\stm32l1xx_hal_uart.o
 .debug_info    0x000066a3      0xb09 Src\dwt_stm32_delay.o
 .debug_info    0x000071ac     0x13d6 Src\main.o
 .debug_info    0x00008582     0x1181 Src\stm32l1xx_hal_msp.o
 .debug_info    0x00009703      0x960 Src\stm32l1xx_it.o
 .debug_info    0x0000a063      0xc64 Src\system_stm32l1xx.o
 .debug_info    0x0000acc7       0x58 startup\startup_stm32l152xe.o

.debug_abbrev   0x00000000     0x16be
 .debug_abbrev  0x00000000      0x266 Drivers\STM32L1xx_HAL_Driver\Src\stm32l1xx_hal.o
 .debug_abbrev  0x00000266      0x33d Drivers\STM32L1xx_HAL_Driver\Src\stm32l1xx_hal_cortex.o
 .debug_abbrev  0x000005a3      0x24c Drivers\STM32L1xx_HAL_Driver\Src\stm32l1xx_hal_gpio.o
 .debug_abbrev  0x000007ef      0x2fc Drivers\STM32L1xx_HAL_Driver\Src\stm32l1xx_hal_rcc.o
 .debug_abbrev  0x00000aeb      0x2b0 Drivers\STM32L1xx_HAL_Driver\Src\stm32l1xx_hal_uart.o
 .debug_abbrev  0x00000d9b      0x187 Src\dwt_stm32_delay.o
 .debug_abbrev  0x00000f22      0x256 Src\main.o
 .debug_abbrev  0x00001178      0x1f2 Src\stm32l1xx_hal_msp.o
 .debug_abbrev  0x0000136a      0x178 Src\stm32l1xx_it.o
 .debug_abbrev  0x000014e2      0x1ca Src\system_stm32l1xx.o
 .debug_abbrev  0x000016ac       0x12 startup\startup_stm32l152xe.o

.debug_aranges  0x00000000      0x500
 .debug_aranges
                0x00000000       0xb0 Drivers\STM32L1xx_HAL_Driver\Src\stm32l1xx_hal.o
 .debug_aranges
                0x000000b0      0x118 Drivers\STM32L1xx_HAL_Driver\Src\stm32l1xx_hal_cortex.o
 .debug_aranges
                0x000001c8       0x58 Drivers\STM32L1xx_HAL_Driver\Src\stm32l1xx_hal_gpio.o
 .debug_aranges
                0x00000220       0x90 Drivers\STM32L1xx_HAL_Driver\Src\stm32l1xx_hal_rcc.o
 .debug_aranges
                0x000002b0      0x150 Drivers\STM32L1xx_HAL_Driver\Src\stm32l1xx_hal_uart.o
 .debug_aranges
                0x00000400       0x20 Src\dwt_stm32_delay.o
 .debug_aranges
                0x00000420       0x40 Src\main.o
 .debug_aranges
                0x00000460       0x30 Src\stm32l1xx_hal_msp.o
 .debug_aranges
                0x00000490       0x20 Src\stm32l1xx_it.o
 .debug_aranges
                0x000004b0       0x28 Src\system_stm32l1xx.o
 .debug_aranges
                0x000004d8       0x28 startup\startup_stm32l152xe.o

.debug_ranges   0x00000000      0x458
 .debug_ranges  0x00000000       0xa0 Drivers\STM32L1xx_HAL_Driver\Src\stm32l1xx_hal.o
 .debug_ranges  0x000000a0      0x108 Drivers\STM32L1xx_HAL_Driver\Src\stm32l1xx_hal_cortex.o
 .debug_ranges  0x000001a8       0x48 Drivers\STM32L1xx_HAL_Driver\Src\stm32l1xx_hal_gpio.o
 .debug_ranges  0x000001f0       0x80 Drivers\STM32L1xx_HAL_Driver\Src\stm32l1xx_hal_rcc.o
 .debug_ranges  0x00000270      0x140 Drivers\STM32L1xx_HAL_Driver\Src\stm32l1xx_hal_uart.o
 .debug_ranges  0x000003b0       0x10 Src\dwt_stm32_delay.o
 .debug_ranges  0x000003c0       0x30 Src\main.o
 .debug_ranges  0x000003f0       0x20 Src\stm32l1xx_hal_msp.o
 .debug_ranges  0x00000410       0x10 Src\stm32l1xx_it.o
 .debug_ranges  0x00000420       0x18 Src\system_stm32l1xx.o
 .debug_ranges  0x00000438       0x20 startup\startup_stm32l152xe.o

.debug_line     0x00000000     0x2ff4
 .debug_line    0x00000000      0x3ef Drivers\STM32L1xx_HAL_Driver\Src\stm32l1xx_hal.o
 .debug_line    0x000003ef      0x5c7 Drivers\STM32L1xx_HAL_Driver\Src\stm32l1xx_hal_cortex.o
 .debug_line    0x000009b6      0x46d Drivers\STM32L1xx_HAL_Driver\Src\stm32l1xx_hal_gpio.o
 .debug_line    0x00000e23      0xade Drivers\STM32L1xx_HAL_Driver\Src\stm32l1xx_hal_rcc.o
 .debug_line    0x00001901      0x937 Drivers\STM32L1xx_HAL_Driver\Src\stm32l1xx_hal_uart.o
 .debug_line    0x00002238      0x23a Src\dwt_stm32_delay.o
 .debug_line    0x00002472      0x365 Src\main.o
 .debug_line    0x000027d7      0x2fc Src\stm32l1xx_hal_msp.o
 .debug_line    0x00002ad3      0x22e Src\stm32l1xx_it.o
 .debug_line    0x00002d01      0x276 Src\system_stm32l1xx.o
 .debug_line    0x00002f77       0x7d startup\startup_stm32l152xe.o

.debug_str      0x00000000     0x1dd9
 .debug_str     0x00000000      0xb52 Drivers\STM32L1xx_HAL_Driver\Src\stm32l1xx_hal.o
                                0xbe2 (size before relaxing)
 .debug_str     0x00000b52      0x441 Drivers\STM32L1xx_HAL_Driver\Src\stm32l1xx_hal_cortex.o
                                0xec9 (size before relaxing)
 .debug_str     0x00000f93      0x1cd Drivers\STM32L1xx_HAL_Driver\Src\stm32l1xx_hal_gpio.o
                                0x87f (size before relaxing)
 .debug_str     0x00001160      0x39d Drivers\STM32L1xx_HAL_Driver\Src\stm32l1xx_hal_rcc.o
                                0xac6 (size before relaxing)
 .debug_str     0x000014fd      0x6d4 Drivers\STM32L1xx_HAL_Driver\Src\stm32l1xx_hal_uart.o
                                0xd98 (size before relaxing)
 .debug_str     0x00001bd1       0xec Src\dwt_stm32_delay.o
                                0x6f3 (size before relaxing)
 .debug_str     0x00001cbd       0x7f Src\main.o
                                0xfa4 (size before relaxing)
 .debug_str     0x00001d3c       0x1b Src\stm32l1xx_hal_msp.o
                                0xde7 (size before relaxing)
 .debug_str     0x00001d57       0x26 Src\stm32l1xx_it.o
                                0x614 (size before relaxing)
 .debug_str     0x00001d7d       0x5c Src\system_stm32l1xx.o
                                0x70d (size before relaxing)

.comment        0x00000000       0x7c
 .comment       0x00000000       0x7c Drivers\STM32L1xx_HAL_Driver\Src\stm32l1xx_hal.o
                                 0x7d (size before relaxing)
 .comment       0x0000007c       0x7d Drivers\STM32L1xx_HAL_Driver\Src\stm32l1xx_hal_cortex.o
 .comment       0x0000007c       0x7d Drivers\STM32L1xx_HAL_Driver\Src\stm32l1xx_hal_gpio.o
 .comment       0x0000007c       0x7d Drivers\STM32L1xx_HAL_Driver\Src\stm32l1xx_hal_rcc.o
 .comment       0x0000007c       0x7d Drivers\STM32L1xx_HAL_Driver\Src\stm32l1xx_hal_uart.o
 .comment       0x0000007c       0x7d Src\dwt_stm32_delay.o
 .comment       0x0000007c       0x7d Src\main.o
 .comment       0x0000007c       0x7d Src\stm32l1xx_hal_msp.o
 .comment       0x0000007c       0x7d Src\stm32l1xx_it.o
 .comment       0x0000007c       0x7d Src\system_stm32l1xx.o

.debug_frame    0x00000000     0x1280
 .debug_frame   0x00000000      0x270 Drivers\STM32L1xx_HAL_Driver\Src\stm32l1xx_hal.o
 .debug_frame   0x00000270      0x498 Drivers\STM32L1xx_HAL_Driver\Src\stm32l1xx_hal_cortex.o
 .debug_frame   0x00000708      0x14c Drivers\STM32L1xx_HAL_Driver\Src\stm32l1xx_hal_gpio.o
 .debug_frame   0x00000854      0x240 Drivers\STM32L1xx_HAL_Driver\Src\stm32l1xx_hal_rcc.o
 .debug_frame   0x00000a94      0x5e0 Drivers\STM32L1xx_HAL_Driver\Src\stm32l1xx_hal_uart.o
 .debug_frame   0x00001074       0x30 Src\dwt_stm32_delay.o
 .debug_frame   0x000010a4       0xb0 Src\main.o
 .debug_frame   0x00001154       0x7c Src\stm32l1xx_hal_msp.o
 .debug_frame   0x000011d0       0x2c Src\stm32l1xx_it.o
 .debug_frame   0x000011fc       0x58 Src\system_stm32l1xx.o
 .debug_frame   0x00001254       0x2c e:/program files (x86)/atollic/truestudio for stm32 9.0.1/armtools/bin/../lib/gcc/arm-atollic-eabi/6.3.1/../../../../arm-atollic-eabi/lib/armv7-m\libc_nano.a(lib_a-init.o)
